Archive member included because of file (symbol)

H:/KDS studio/examples/frdmkl25z/demo_apps/hello_world_1/kds/../../../../../lib/ksdk_platform_lib/kds/KL25Z4/debug/libksdk_platform.a(fsl_uart_hal.o)
                              ./utilities/fsl_debug_console.o (UART_HAL_SetBaudRate)
H:/KDS studio/examples/frdmkl25z/demo_apps/hello_world_1/kds/../../../../../lib/ksdk_platform_lib/kds/KL25Z4/debug/libksdk_platform.a(fsl_lpsci_hal.o)
                              ./utilities/fsl_debug_console.o (LPSCI_HAL_SetBaudRate)
H:/KDS studio/examples/frdmkl25z/demo_apps/hello_world_1/kds/../../../../../lib/ksdk_platform_lib/kds/KL25Z4/debug/libksdk_platform.a(fsl_clock_MKL25Z4.o)
                              ./board/board.o (CLOCK_SYS_SetSimConfigration)
H:/KDS studio/examples/frdmkl25z/demo_apps/hello_world_1/kds/../../../../../lib/ksdk_platform_lib/kds/KL25Z4/debug/libksdk_platform.a(fsl_clock_manager.o)
                              H:/KDS studio/examples/frdmkl25z/demo_apps/hello_world_1/kds/../../../../../lib/ksdk_platform_lib/kds/KL25Z4/debug/libksdk_platform.a(fsl_clock_MKL25Z4.o) (CLOCK_SYS_GetSystickFreq)
H:/KDS studio/examples/frdmkl25z/demo_apps/hello_world_1/kds/../../../../../lib/ksdk_platform_lib/kds/KL25Z4/debug/libksdk_platform.a(fsl_clock_manager_common.o)
                              H:/KDS studio/examples/frdmkl25z/demo_apps/hello_world_1/kds/../../../../../lib/ksdk_platform_lib/kds/KL25Z4/debug/libksdk_platform.a(fsl_clock_MKL25Z4.o) (g_oscBase)
H:/KDS studio/examples/frdmkl25z/demo_apps/hello_world_1/kds/../../../../../lib/ksdk_platform_lib/kds/KL25Z4/debug/libksdk_platform.a(fsl_os_abstraction_bm.o)
                              H:/KDS studio/examples/frdmkl25z/demo_apps/hello_world_1/kds/../../../../../lib/ksdk_platform_lib/kds/KL25Z4/debug/libksdk_platform.a(fsl_clock_manager.o) (OSA_EnterCritical)
H:/KDS studio/examples/frdmkl25z/demo_apps/hello_world_1/kds/../../../../../lib/ksdk_platform_lib/kds/KL25Z4/debug/libksdk_platform.a(fsl_sim_hal_MKL25Z4.o)
                              H:/KDS studio/examples/frdmkl25z/demo_apps/hello_world_1/kds/../../../../../lib/ksdk_platform_lib/kds/KL25Z4/debug/libksdk_platform.a(fsl_clock_MKL25Z4.o) (CLOCK_HAL_SetOutDiv)
H:/KDS studio/examples/frdmkl25z/demo_apps/hello_world_1/kds/../../../../../lib/ksdk_platform_lib/kds/KL25Z4/debug/libksdk_platform.a(fsl_osc_hal.o)
                              H:/KDS studio/examples/frdmkl25z/demo_apps/hello_world_1/kds/../../../../../lib/ksdk_platform_lib/kds/KL25Z4/debug/libksdk_platform.a(fsl_clock_manager.o) (OSC_HAL_SetCapacitor)
H:/KDS studio/examples/frdmkl25z/demo_apps/hello_world_1/kds/../../../../../lib/ksdk_platform_lib/kds/KL25Z4/debug/libksdk_platform.a(fsl_mcg_hal.o)
                              H:/KDS studio/examples/frdmkl25z/demo_apps/hello_world_1/kds/../../../../../lib/ksdk_platform_lib/kds/KL25Z4/debug/libksdk_platform.a(fsl_clock_MKL25Z4.o) (g_xtal0ClkFreq)
H:/KDS studio/examples/frdmkl25z/demo_apps/hello_world_1/kds/../../../../../lib/ksdk_platform_lib/kds/KL25Z4/debug/libksdk_platform.a(fsl_mcg_hal_modes.o)
                              H:/KDS studio/examples/frdmkl25z/demo_apps/hello_world_1/kds/../../../../../lib/ksdk_platform_lib/kds/KL25Z4/debug/libksdk_platform.a(fsl_clock_manager.o) (CLOCK_HAL_GetMcgMode)
H:/KDS studio/examples/frdmkl25z/demo_apps/hello_world_1/kds/../../../../../lib/ksdk_platform_lib/kds/KL25Z4/debug/libksdk_platform.a(fsl_lptmr_hal.o)
                              H:/KDS studio/examples/frdmkl25z/demo_apps/hello_world_1/kds/../../../../../lib/ksdk_platform_lib/kds/KL25Z4/debug/libksdk_platform.a(fsl_os_abstraction_bm.o) (LPTMR_HAL_SetTimerWorkingMode)
H:/KDS studio/examples/frdmkl25z/demo_apps/hello_world_1/kds/../../../../../lib/ksdk_platform_lib/kds/KL25Z4/debug/libksdk_platform.a(fsl_interrupt_manager.o)
                              H:/KDS studio/examples/frdmkl25z/demo_apps/hello_world_1/kds/../../../../../lib/ksdk_platform_lib/kds/KL25Z4/debug/libksdk_platform.a(fsl_os_abstraction_bm.o) (INT_SYS_InstallHandler)
c:/freescale/kds_v3/toolchain/bin/../lib/gcc/arm-none-eabi/4.8.4/../../../../arm-none-eabi/lib/armv6-m\libm.a(lib_a-s_modf.o)
                              ./utilities/print_scan.o (modf)
c:/freescale/kds_v3/toolchain/bin/../lib/gcc/arm-none-eabi/4.8.4/../../../../arm-none-eabi/lib/armv6-m\libg_s.a(lib_a-abs.o)
                              ./src/main.o (abs)
c:/freescale/kds_v3/toolchain/bin/../lib/gcc/arm-none-eabi/4.8.4/../../../../arm-none-eabi/lib/armv6-m\libg_s.a(lib_a-assert.o)
                              ./board/board.o (__assert_func)
c:/freescale/kds_v3/toolchain/bin/../lib/gcc/arm-none-eabi/4.8.4/../../../../arm-none-eabi/lib/armv6-m\libg_s.a(lib_a-calloc.o)
                              H:/KDS studio/examples/frdmkl25z/demo_apps/hello_world_1/kds/../../../../../lib/ksdk_platform_lib/kds/KL25Z4/debug/libksdk_platform.a(fsl_os_abstraction_bm.o) (calloc)
[...]
Memory Configuration

Name             Origin             Length             Attributes
m_interrupts     0x00000000         0x00000100         xr
m_flash_config   0x00000400         0x00000010         xr
m_text           0x00000410         0x0001fbf0         xr
m_data           0x1ffff000         0x00004000         rw
*default*        0x00000000         0xffffffff

Linker script and memory map

LOAD c:/freescale/kds_v3/toolchain/bin/../lib/gcc/arm-none-eabi/4.8.4/armv6-m/crti.o
LOAD c:/freescale/kds_v3/toolchain/bin/../lib/gcc/arm-none-eabi/4.8.4/armv6-m/crtbegin.o
LOAD c:/freescale/kds_v3/toolchain/bin/../lib/gcc/arm-none-eabi/4.8.4/../../../../arm-none-eabi/lib/armv6-m/crt0.o
                0x00000400                __stack_size__ = 0x400
                0x00000200                __heap_size__ = 0x200
START GROUP
LOAD ./utilities/fsl_debug_console.o
LOAD ./utilities/fsl_misc_utilities.o
LOAD ./utilities/print_scan.o
LOAD ./startup/startup.o
LOAD ./startup/startup_MKL25Z4.o
LOAD ./startup/system_MKL25Z4.o
LOAD ./src/adc.o
LOAD ./src/dma.o
LOAD ./src/main.o
LOAD ./board/board.o
LOAD ./board/gpio_pins.o
LOAD ./board/hardware_init.o
LOAD ./board/pin_mux.o
LOAD H:/KDS studio/examples/frdmkl25z/demo_apps/hello_world_1/kds/../../../../../lib/ksdk_platform_lib/kds/KL25Z4/debug/libksdk_platform.a
LOAD c:/freescale/kds_v3/toolchain/bin/../lib/gcc/arm-none-eabi/4.8.4/../../../../arm-none-eabi/lib/armv6-m\libm.a
LOAD c:/freescale/kds_v3/toolchain/bin/../lib/gcc/arm-none-eabi/4.8.4/../../../../arm-none-eabi/lib/armv6-m\libg_s.a
LOAD c:/freescale/kds_v3/toolchain/bin/../lib/gcc/arm-none-eabi/4.8.4/armv6-m\libgcc.a
LOAD c:/freescale/kds_v3/toolchain/bin/../lib/gcc/arm-none-eabi/4.8.4/../../../../arm-none-eabi/lib/armv6-m\libnosys.a
END GROUP
START GROUP
LOAD c:/freescale/kds_v3/toolchain/bin/../lib/gcc/arm-none-eabi/4.8.4/armv6-m\libgcc.a
LOAD c:/freescale/kds_v3/toolchain/bin/../lib/gcc/arm-none-eabi/4.8.4/../../../../arm-none-eabi/lib/armv6-m\libg_s.a
LOAD c:/freescale/kds_v3/toolchain/bin/../lib/gcc/arm-none-eabi/4.8.4/../../../../arm-none-eabi/lib/armv6-m\libc_s.a
END GROUP
START GROUP
LOAD c:/freescale/kds_v3/toolchain/bin/../lib/gcc/arm-none-eabi/4.8.4/armv6-m\libgcc.a
LOAD c:/freescale/kds_v3/toolchain/bin/../lib/gcc/arm-none-eabi/4.8.4/../../../../arm-none-eabi/lib/armv6-m\libc_s.a
END GROUP
LOAD c:/freescale/kds_v3/toolchain/bin/../lib/gcc/arm-none-eabi/4.8.4/armv6-m/crtend.o
LOAD c:/freescale/kds_v3/toolchain/bin/../lib/gcc/arm-none-eabi/4.8.4/armv6-m/crtn.o
                0x00000400                HEAP_SIZE = DEFINED (__heap_size__)?__heap_size__:0x400
                0x00000400                STACK_SIZE = DEFINED (__stack_size__)?__stack_size__:0x400
                0x00000000                M_VECTOR_RAM_SIZE = DEFINED (__ram_vector_table__)?0x100:0x0

.interrupts     0x00000000       0xc0
                0x20001000                //value = 0x20001000
                0x00000000                __VECTOR_TABLE = .
                0x00000000                . = ALIGN (0x4)
 *(.isr_vector)
 .isr_vector    0x00000000       0xc0 ./startup/startup_MKL25Z4.o
                0x00000000                __isr_vector
                0x000000c0                . = ALIGN (0x4)

.flash_config   0x00000400       0x10
                0x00000400                . = ALIGN (0x4)
 *(.FlashConfig)
 .FlashConfig   0x00000400       0x10 ./startup/startup_MKL25Z4.o
                0x00000410                . = ALIGN (0x4)

.text           0x00000410     0x7f9c
                0x00000410                . = ALIGN (0x4)
 *(.text)
 .text          0x00000410       0x60 c:/freescale/kds_v3/toolchain/bin/../lib/gcc/arm-none-eabi/4.8.4/armv6-m/crtbegin.o
 .text          0x00000470       0x78 c:/freescale/kds_v3/toolchain/bin/../lib/gcc/arm-none-eabi/4.8.4/../../../../arm-none-eabi/lib/armv6-m/crt0.o
                0x00000470                _start
                0x00000470                _mainCRTStartup
 .text          0x000004e8       0x18 ./startup/startup_MKL25Z4.o
                0x000004e8                Reset_Handler
                0x000004f8                HardFault_Handler
                0x000004f8                SysTick_Handler
                0x000004f8                PendSV_Handler
                0x000004f8                NMI_Handler
                0x000004f8                I2C1_IRQHandler
                0x000004f8                UART1_IRQHandler
                0x000004f8                DMA2_IRQHandler
                0x000004f8                TPM0_IRQHandler
                0x000004f8                LLWU_IRQHandler
                0x000004f8                TSI0_IRQHandler
                0x000004f8                UART0_IRQHandler
                0x000004f8                ADC0_IRQHandler
                0x000004f8                Reserved39_IRQHandler
                0x000004f8                SPI1_IRQHandler
                0x000004f8                DefaultISR
                0x000004f8                PORTD_IRQHandler
                0x000004f8                TPM2_IRQHandler
                0x000004f8                RTC_IRQHandler
                0x000004f8                I2C0_IRQHandler
                0x000004f8                RTC_Seconds_IRQHandler
                0x000004f8                MCG_IRQHandler
                0x000004f8                UART2_IRQHandler
                0x000004f8                Reserved20_IRQHandler
                0x000004f8                USB0_IRQHandler
                0x000004f8                PIT_IRQHandler
                0x000004f8                SVC_Handler
                0x000004f8                DMA3_IRQHandler
                0x000004f8                DAC0_IRQHandler
                0x000004f8                Reserved45_IRQHandler
                0x000004f8                TPM1_IRQHandler
                0x000004f8                LVD_LVW_IRQHandler
                0x000004f8                SPI0_IRQHandler
                0x000004f8                PORTA_IRQHandler
                0x000004f8                FTFA_IRQHandler
                0x000004f8                LPTMR0_IRQHandler
                0x000004f8                CMP0_IRQHandler
                0x000004f8                DMA1_IRQHandler
 .text          0x00000500       0x14 c:/freescale/kds_v3/toolchain/bin/../lib/gcc/arm-none-eabi/4.8.4/armv6-m\libgcc.a(_thumb1_case_uqi.o)
                0x00000500                __gnu_thumb1_case_uqi
 .text          0x00000514       0x9c c:/freescale/kds_v3/toolchain/bin/../lib/gcc/arm-none-eabi/4.8.4/armv6-m\libgcc.a(_udivsi3.o)
                0x00000514                __aeabi_uidiv
                0x00000514                __udivsi3
                0x0000059c                __aeabi_uidivmod
 .text          0x000005b0       0xc0 c:/freescale/kds_v3/toolchain/bin/../lib/gcc/arm-none-eabi/4.8.4/armv6-m\libgcc.a(_divsi3.o)
                0x000005b0                __divsi3
                0x000005b0                __aeabi_idiv
                0x0000065c                __aeabi_idivmod
 .text          0x00000670        0x4 c:/freescale/kds_v3/toolchain/bin/../lib/gcc/arm-none-eabi/4.8.4/armv6-m\libgcc.a(_dvmd_tls.o)
                0x00000670                __aeabi_idiv0
                0x00000670                __aeabi_ldiv0
 .text          0x00000674       0x7c c:/freescale/kds_v3/toolchain/bin/../lib/gcc/arm-none-eabi/4.8.4/armv6-m\libgcc.a(_arm_cmpdf2.o)
                0x00000674                __aeabi_cdrcmple
                0x00000684                __aeabi_cdcmple
                0x00000684                __aeabi_cdcmpeq
                0x00000694                __aeabi_dcmpeq
                0x000006a0                __aeabi_dcmplt
                0x000006b4                __aeabi_dcmple
                0x000006c8                __aeabi_dcmpgt
                0x000006dc                __aeabi_dcmpge
 .text          0x000006f0       0x44 c:/freescale/kds_v3/toolchain/bin/../lib/gcc/arm-none-eabi/4.8.4/armv6-m\libgcc.a(_muldi3.o)
                0x000006f0                __muldi3
                0x000006f0                __aeabi_lmul
 *fill*         0x00000734        0x4 
 .text          0x00000738       0x40 c:/freescale/kds_v3/toolchain/bin/../lib/gcc/arm-none-eabi/4.8.4/armv6-m\libgcc.a(_fixdfdi.o)
                0x00000738                __fixdfdi
                0x00000738                __aeabi_d2lz
 .text          0x00000778       0x48 c:/freescale/kds_v3/toolchain/bin/../lib/gcc/arm-none-eabi/4.8.4/armv6-m\libgcc.a(_fixunsdfdi.o)
                0x00000778                __fixunsdfdi
                0x00000778                __aeabi_d2ulz
 .text          0x000007c0       0x30 c:/freescale/kds_v3/toolchain/bin/../lib/gcc/arm-none-eabi/4.8.4/armv6-m\libgcc.a(_floatdidf.o)
                0x000007c0                __aeabi_l2d
                0x000007c0                __floatdidf
 .text          0x000007f0      0x644 c:/freescale/kds_v3/toolchain/bin/../lib/gcc/arm-none-eabi/4.8.4/armv6-m\libgcc.a(adddf3.o)
                0x000007f0                __aeabi_dadd
 .text          0x00000e34      0x648 c:/freescale/kds_v3/toolchain/bin/../lib/gcc/arm-none-eabi/4.8.4/armv6-m\libgcc.a(divdf3.o)
                0x00000e34                __aeabi_ddiv
 .text          0x0000147c       0x94 c:/freescale/kds_v3/toolchain/bin/../lib/gcc/arm-none-eabi/4.8.4/armv6-m\libgcc.a(eqdf2.o)
                0x0000147c                __nedf2
                0x0000147c                __eqdf2
 .text          0x00001510       0xfc c:/freescale/kds_v3/toolchain/bin/../lib/gcc/arm-none-eabi/4.8.4/armv6-m\libgcc.a(gedf2.o)
                0x00001510                __gedf2
                0x00001510                __gtdf2
 .text          0x0000160c       0xfc c:/freescale/kds_v3/toolchain/bin/../lib/gcc/arm-none-eabi/4.8.4/armv6-m\libgcc.a(ledf2.o)
                0x0000160c                __ledf2
                0x0000160c                __ltdf2
 .text          0x00001708      0x520 c:/freescale/kds_v3/toolchain/bin/../lib/gcc/arm-none-eabi/4.8.4/armv6-m\libgcc.a(muldf3.o)
                0x00001708                __aeabi_dmul
 .text          0x00001c28      0x668 c:/freescale/kds_v3/toolchain/bin/../lib/gcc/arm-none-eabi/4.8.4/armv6-m\libgcc.a(subdf3.o)
                0x00001c28                __aeabi_dsub
 .text          0x00002290       0x68 c:/freescale/kds_v3/toolchain/bin/../lib/gcc/arm-none-eabi/4.8.4/armv6-m\libgcc.a(fixdfsi.o)
                0x00002290                __aeabi_d2iz
 .text          0x000022f8       0x7c c:/freescale/kds_v3/toolchain/bin/../lib/gcc/arm-none-eabi/4.8.4/armv6-m\libgcc.a(floatsidf.o)
                0x000022f8                __aeabi_i2d
 .text          0x00002374       0x68 c:/freescale/kds_v3/toolchain/bin/../lib/gcc/arm-none-eabi/4.8.4/armv6-m\libgcc.a(floatunsidf.o)
                0x00002374                __aeabi_ui2d
 .text          0x000023dc       0xa4 c:/freescale/kds_v3/toolchain/bin/../lib/gcc/arm-none-eabi/4.8.4/armv6-m\libgcc.a(extendsfdf2.o)
                0x000023dc                __aeabi_f2d
 .text          0x00002480       0x3c c:/freescale/kds_v3/toolchain/bin/../lib/gcc/arm-none-eabi/4.8.4/armv6-m\libgcc.a(_clzsi2.o)
                0x00002480                __clzsi2
 *fill*         0x000024bc        0x4 
 .text          0x000024c0       0x40 c:/freescale/kds_v3/toolchain/bin/../lib/gcc/arm-none-eabi/4.8.4/armv6-m\libgcc.a(_fixunsdfsi.o)
                0x000024c0                __aeabi_d2uiz
                0x000024c0                __fixunsdfsi
 *(.text*)
 .text.UART_HAL_EnableTransmitter
                0x00002500       0x1c ./utilities/fsl_debug_console.o
 .text.UART_HAL_EnableReceiver
                0x0000251c       0x1c ./utilities/fsl_debug_console.o
 .text.UART_HAL_SetBitCountPerChar
                0x00002538       0x28 ./utilities/fsl_debug_console.o
 .text.UART_HAL_SetStopBitCount
                0x00002560       0x28 ./utilities/fsl_debug_console.o
 .text.LPSCI_HAL_EnableTransmitter
                0x00002588       0x1c ./utilities/fsl_debug_console.o
 .text.LPSCI_HAL_EnableReceiver
                0x000025a4       0x1c ./utilities/fsl_debug_console.o
 .text.LPSCI_HAL_SetBitCountPerChar
                0x000025c0       0x28 ./utilities/fsl_debug_console.o
 .text.LPSCI_HAL_SetStopBitCount
                0x000025e8       0x28 ./utilities/fsl_debug_console.o
 .text.DbgConsole_Init
                0x00002610      0x160 ./utilities/fsl_debug_console.o
                0x00002610                DbgConsole_Init
 .text._write   0x00002770       0x5c ./utilities/fsl_debug_console.o
                0x00002770                _write
 .text._read    0x000027cc       0x48 ./utilities/fsl_debug_console.o
                0x000027cc                _read
 .text.debug_printf
                0x00002814       0x4c ./utilities/fsl_debug_console.o
                0x00002814                debug_printf
 .text.debug_putc
                0x00002860       0x44 ./utilities/fsl_debug_console.o
 .text._sbrk    0x000028a4       0x5c ./utilities/fsl_misc_utilities.o
                0x000028a4                _sbrk
 .text._doprint
                0x00002900      0x8f0 ./utilities/print_scan.o
                0x00002900                _doprint
 .text.mknumstr
                0x000031f0      0x110 ./utilities/print_scan.o
 .text.mkfloatnumstr
                0x00003300      0x250 ./utilities/print_scan.o
 .text.fput_pad
                0x00003550       0x44 ./utilities/print_scan.o
 .text.init_data_bss
                0x00003594       0xc8 ./startup/startup.o
                0x00003594                init_data_bss
 .text.SystemInit
                0x0000365c       0x18 ./startup/system_MKL25Z4.o
                0x0000365c                SystemInit
 .text.ADC_Init
                0x00003674       0xa0 ./src/adc.o
                0x00003674                ADC_Init
 .text.ADC_Calib
                0x00003714      0x124 ./src/adc.o
                0x00003714                ADC_Calib
 .text.NVIC_EnableIRQ
                0x00003838       0x2c ./src/dma.o
 .text.dma_init
                0x00003864       0xb4 ./src/dma.o
                0x00003864                dma_init
 .text.DMA0_IRQHandler
                0x00003918       0x88 ./src/dma.o
                0x00003918                DMA0_IRQHandler
 .text.main     0x000039a0       0x38 ./src/main.o
                0x000039a0                main
 .text.PeakLvlMet_Calc
                0x000039d8      0x180 ./src/main.o
                0x000039d8                PeakLvlMet_Calc
 .text.PORT_HAL_SetMuxMode
                0x00003b58       0x4c ./board/board.o
 .text.CLOCK_HAL_SetLpsciSrc
                0x00003ba4       0x30 ./board/board.o
 .text.CLOCK_SYS_SetLpsciSrc
                0x00003bd4       0x2c ./board/board.o
 .text.SMC_HAL_SetProtection
                0x00003c00       0x1c ./board/board.o
 .text.BOARD_InitOsc0
                0x00003c1c       0x40 ./board/board.o
                0x00003c1c                BOARD_InitOsc0
 .text.CLOCK_SetBootConfig
                0x00003c5c       0x3c ./board/board.o
 .text.BOARD_ClockInit
                0x00003c98       0x44 ./board/board.o
                0x00003c98                BOARD_ClockInit
 .text.dbg_uart_init
                0x00003cdc       0x24 ./board/board.o
                0x00003cdc                dbg_uart_init
 .text.hardware_init
                0x00003d00       0x24 ./board/hardware_init.o
                0x00003d00                hardware_init
 .text.PORT_HAL_SetMuxMode
                0x00003d24       0x4c ./board/pin_mux.o
 .text.configure_lpsci_pins
                0x00003d70       0x34 ./board/pin_mux.o
                0x00003d70                configure_lpsci_pins
 .text.UART_HAL_SetBaudRate
                0x00003da4       0x6c H:/KDS studio/examples/frdmkl25z/demo_apps/hello_world_1/kds/../../../../../lib/ksdk_platform_lib/kds/KL25Z4/debug/libksdk_platform.a(fsl_uart_hal.o)
                0x00003da4                UART_HAL_SetBaudRate
 .text.UART_HAL_SetParityMode
                0x00003e10       0x40 H:/KDS studio/examples/frdmkl25z/demo_apps/hello_world_1/kds/../../../../../lib/ksdk_platform_lib/kds/KL25Z4/debug/libksdk_platform.a(fsl_uart_hal.o)
                0x00003e10                UART_HAL_SetParityMode
 .text.UART_HAL_Putchar
                0x00003e50       0x34 H:/KDS studio/examples/frdmkl25z/demo_apps/hello_world_1/kds/../../../../../lib/ksdk_platform_lib/kds/KL25Z4/debug/libksdk_platform.a(fsl_uart_hal.o)
                0x00003e50                UART_HAL_Putchar
 .text.UART_HAL_Getchar
                0x00003e84       0x34 H:/KDS studio/examples/frdmkl25z/demo_apps/hello_world_1/kds/../../../../../lib/ksdk_platform_lib/kds/KL25Z4/debug/libksdk_platform.a(fsl_uart_hal.o)
                0x00003e84                UART_HAL_Getchar
 .text.UART_HAL_SendDataPolling
                0x00003eb8       0x44 H:/KDS studio/examples/frdmkl25z/demo_apps/hello_world_1/kds/../../../../../lib/ksdk_platform_lib/kds/KL25Z4/debug/libksdk_platform.a(fsl_uart_hal.o)
                0x00003eb8                UART_HAL_SendDataPolling
 .text.UART_HAL_ReceiveDataPolling
                0x00003efc       0xa4 H:/KDS studio/examples/frdmkl25z/demo_apps/hello_world_1/kds/../../../../../lib/ksdk_platform_lib/kds/KL25Z4/debug/libksdk_platform.a(fsl_uart_hal.o)
                0x00003efc                UART_HAL_ReceiveDataPolling
 .text.LPSCI_HAL_Putchar
                0x00003fa0       0x1c H:/KDS studio/examples/frdmkl25z/demo_apps/hello_world_1/kds/../../../../../lib/ksdk_platform_lib/kds/KL25Z4/debug/libksdk_platform.a(fsl_lpsci_hal.o)
 .text.LPSCI_HAL_Getchar
                0x00003fbc       0x1c H:/KDS studio/examples/frdmkl25z/demo_apps/hello_world_1/kds/../../../../../lib/ksdk_platform_lib/kds/KL25Z4/debug/libksdk_platform.a(fsl_lpsci_hal.o)
 .text.LPSCI_HAL_SetBaudRate
                0x00003fd8      0x14c H:/KDS studio/examples/frdmkl25z/demo_apps/hello_world_1/kds/../../../../../lib/ksdk_platform_lib/kds/KL25Z4/debug/libksdk_platform.a(fsl_lpsci_hal.o)
                0x00003fd8                LPSCI_HAL_SetBaudRate
 .text.LPSCI_HAL_SetParityMode
                0x00004124       0x40 H:/KDS studio/examples/frdmkl25z/demo_apps/hello_world_1/kds/../../../../../lib/ksdk_platform_lib/kds/KL25Z4/debug/libksdk_platform.a(fsl_lpsci_hal.o)
                0x00004124                LPSCI_HAL_SetParityMode
 .text.LPSCI_HAL_SendDataPolling
                0x00004164       0x44 H:/KDS studio/examples/frdmkl25z/demo_apps/hello_world_1/kds/../../../../../lib/ksdk_platform_lib/kds/KL25Z4/debug/libksdk_platform.a(fsl_lpsci_hal.o)
                0x00004164                LPSCI_HAL_SendDataPolling
 .text.LPSCI_HAL_ReceiveDataPolling
                0x000041a8       0x88 H:/KDS studio/examples/frdmkl25z/demo_apps/hello_world_1/kds/../../../../../lib/ksdk_platform_lib/kds/KL25Z4/debug/libksdk_platform.a(fsl_lpsci_hal.o)
                0x000041a8                LPSCI_HAL_ReceiveDataPolling
 .text.SIM_HAL_EnableClock
                0x00004230       0x58 H:/KDS studio/examples/frdmkl25z/demo_apps/hello_world_1/kds/../../../../../lib/ksdk_platform_lib/kds/KL25Z4/debug/libksdk_platform.a(fsl_clock_MKL25Z4.o)
 .text.CLOCK_HAL_GetLpsciSrc
                0x00004288       0x28 H:/KDS studio/examples/frdmkl25z/demo_apps/hello_world_1/kds/../../../../../lib/ksdk_platform_lib/kds/KL25Z4/debug/libksdk_platform.a(fsl_clock_MKL25Z4.o)
 .text.CLOCK_HAL_SetExternalRefClock32kSrc
                0x000042b0       0x28 H:/KDS studio/examples/frdmkl25z/demo_apps/hello_world_1/kds/../../../../../lib/ksdk_platform_lib/kds/KL25Z4/debug/libksdk_platform.a(fsl_clock_MKL25Z4.o)
 .text.CLOCK_HAL_SetPllfllSel
                0x000042d8       0x2c H:/KDS studio/examples/frdmkl25z/demo_apps/hello_world_1/kds/../../../../../lib/ksdk_platform_lib/kds/KL25Z4/debug/libksdk_platform.a(fsl_clock_MKL25Z4.o)
 .text.CLOCK_HAL_GetPllfllSel
                0x00004304       0x24 H:/KDS studio/examples/frdmkl25z/demo_apps/hello_world_1/kds/../../../../../lib/ksdk_platform_lib/kds/KL25Z4/debug/libksdk_platform.a(fsl_clock_MKL25Z4.o)
 .text.CLOCK_HAL_GetOutDiv1
                0x00004328       0x28 H:/KDS studio/examples/frdmkl25z/demo_apps/hello_world_1/kds/../../../../../lib/ksdk_platform_lib/kds/KL25Z4/debug/libksdk_platform.a(fsl_clock_MKL25Z4.o)
 .text.CLOCK_HAL_GetOutDiv4
                0x00004350       0x28 H:/KDS studio/examples/frdmkl25z/demo_apps/hello_world_1/kds/../../../../../lib/ksdk_platform_lib/kds/KL25Z4/debug/libksdk_platform.a(fsl_clock_MKL25Z4.o)
 .text.OSC_HAL_GetExternalRefClkCmd
                0x00004378       0x24 H:/KDS studio/examples/frdmkl25z/demo_apps/hello_world_1/kds/../../../../../lib/ksdk_platform_lib/kds/KL25Z4/debug/libksdk_platform.a(fsl_clock_MKL25Z4.o)
 .text.CLOCK_SYS_SetSimConfigration
                0x0000439c       0x48 H:/KDS studio/examples/frdmkl25z/demo_apps/hello_world_1/kds/../../../../../lib/ksdk_platform_lib/kds/KL25Z4/debug/libksdk_platform.a(fsl_clock_MKL25Z4.o)
                0x0000439c                CLOCK_SYS_SetSimConfigration
 .text.CLOCK_SYS_GetSystemClockFreq
                0x000043e4       0x34 H:/KDS studio/examples/frdmkl25z/demo_apps/hello_world_1/kds/../../../../../lib/ksdk_platform_lib/kds/KL25Z4/debug/libksdk_platform.a(fsl_clock_MKL25Z4.o)
                0x000043e4                CLOCK_SYS_GetSystemClockFreq
 .text.CLOCK_SYS_GetBusClockFreq
                0x00004418       0x2c H:/KDS studio/examples/frdmkl25z/demo_apps/hello_world_1/kds/../../../../../lib/ksdk_platform_lib/kds/KL25Z4/debug/libksdk_platform.a(fsl_clock_MKL25Z4.o)
                0x00004418                CLOCK_SYS_GetBusClockFreq
 .text.CLOCK_SYS_GetPllFllClockFreq
                0x00004444       0x5c H:/KDS studio/examples/frdmkl25z/demo_apps/hello_world_1/kds/../../../../../lib/ksdk_platform_lib/kds/KL25Z4/debug/libksdk_platform.a(fsl_clock_MKL25Z4.o)
                0x00004444                CLOCK_SYS_GetPllFllClockFreq
 .text.CLOCK_SYS_GetOsc0ExternalRefClockFreq
                0x000044a0       0x2c H:/KDS studio/examples/frdmkl25z/demo_apps/hello_world_1/kds/../../../../../lib/ksdk_platform_lib/kds/KL25Z4/debug/libksdk_platform.a(fsl_clock_MKL25Z4.o)
                0x000044a0                CLOCK_SYS_GetOsc0ExternalRefClockFreq
 .text.CLOCK_SYS_GetLpsciFreq
                0x000044cc       0x68 H:/KDS studio/examples/frdmkl25z/demo_apps/hello_world_1/kds/../../../../../lib/ksdk_platform_lib/kds/KL25Z4/debug/libksdk_platform.a(fsl_clock_MKL25Z4.o)
                0x000044cc                CLOCK_SYS_GetLpsciFreq
 .text.CLOCK_SYS_GetUartFreq
                0x00004534       0x2c H:/KDS studio/examples/frdmkl25z/demo_apps/hello_world_1/kds/../../../../../lib/ksdk_platform_lib/kds/KL25Z4/debug/libksdk_platform.a(fsl_clock_MKL25Z4.o)
                0x00004534                CLOCK_SYS_GetUartFreq
 .text.CLOCK_SYS_EnablePortClock
                0x00004560       0x4c H:/KDS studio/examples/frdmkl25z/demo_apps/hello_world_1/kds/../../../../../lib/ksdk_platform_lib/kds/KL25Z4/debug/libksdk_platform.a(fsl_clock_MKL25Z4.o)
                0x00004560                CLOCK_SYS_EnablePortClock
 .text.CLOCK_SYS_EnableLpsciClock
                0x000045ac       0x40 H:/KDS studio/examples/frdmkl25z/demo_apps/hello_world_1/kds/../../../../../lib/ksdk_platform_lib/kds/KL25Z4/debug/libksdk_platform.a(fsl_clock_MKL25Z4.o)
                0x000045ac                CLOCK_SYS_EnableLpsciClock
 .text.CLOCK_SYS_EnableUartClock
                0x000045ec       0x4c H:/KDS studio/examples/frdmkl25z/demo_apps/hello_world_1/kds/../../../../../lib/ksdk_platform_lib/kds/KL25Z4/debug/libksdk_platform.a(fsl_clock_MKL25Z4.o)
                0x000045ec                CLOCK_SYS_EnableUartClock
 .text.CLOCK_HAL_SetClkOutSrc
                0x00004638       0x28 H:/KDS studio/examples/frdmkl25z/demo_apps/hello_world_1/kds/../../../../../lib/ksdk_platform_lib/kds/KL25Z4/debug/libksdk_platform.a(fsl_clock_manager.o)
 .text.CLOCK_HAL_SetClksFrdivIrefs
                0x00004660       0x60 H:/KDS studio/examples/frdmkl25z/demo_apps/hello_world_1/kds/../../../../../lib/ksdk_platform_lib/kds/KL25Z4/debug/libksdk_platform.a(fsl_clock_manager.o)
 .text.CLOCK_HAL_GetClkOutStat
                0x000046c0       0x20 H:/KDS studio/examples/frdmkl25z/demo_apps/hello_world_1/kds/../../../../../lib/ksdk_platform_lib/kds/KL25Z4/debug/libksdk_platform.a(fsl_clock_manager.o)
 .text.CLOCK_HAL_GetFllSrc
                0x000046e0       0x20 H:/KDS studio/examples/frdmkl25z/demo_apps/hello_world_1/kds/../../../../../lib/ksdk_platform_lib/kds/KL25Z4/debug/libksdk_platform.a(fsl_clock_manager.o)
 .text.CLOCK_HAL_IsOsc0Stable
                0x00004700       0x24 H:/KDS studio/examples/frdmkl25z/demo_apps/hello_world_1/kds/../../../../../lib/ksdk_platform_lib/kds/KL25Z4/debug/libksdk_platform.a(fsl_clock_manager.o)
 .text.OSC_HAL_SetExternalRefClkCmd
                0x00004724       0x28 H:/KDS studio/examples/frdmkl25z/demo_apps/hello_world_1/kds/../../../../../lib/ksdk_platform_lib/kds/KL25Z4/debug/libksdk_platform.a(fsl_clock_manager.o)
 .text.OSC_HAL_SetExternalRefClkInStopModeCmd
                0x0000474c       0x28 H:/KDS studio/examples/frdmkl25z/demo_apps/hello_world_1/kds/../../../../../lib/ksdk_platform_lib/kds/KL25Z4/debug/libksdk_platform.a(fsl_clock_manager.o)
 .text.CLOCK_SYS_BootToPee
                0x00004774       0xd0 H:/KDS studio/examples/frdmkl25z/demo_apps/hello_world_1/kds/../../../../../lib/ksdk_platform_lib/kds/KL25Z4/debug/libksdk_platform.a(fsl_clock_manager.o)
                0x00004774                CLOCK_SYS_BootToPee
 .text.CLOCK_SYS_OscInit
                0x00004844       0xf0 H:/KDS studio/examples/frdmkl25z/demo_apps/hello_world_1/kds/../../../../../lib/ksdk_platform_lib/kds/KL25Z4/debug/libksdk_platform.a(fsl_clock_manager.o)
                0x00004844                CLOCK_SYS_OscInit
 .text.CLOCK_SYS_SetOscerConfigration
                0x00004934       0x3c H:/KDS studio/examples/frdmkl25z/demo_apps/hello_world_1/kds/../../../../../lib/ksdk_platform_lib/kds/KL25Z4/debug/libksdk_platform.a(fsl_clock_manager.o)
                0x00004934                CLOCK_SYS_SetOscerConfigration
 .text.CLOCK_HAL_SetOutDiv
                0x00004970       0x50 H:/KDS studio/examples/frdmkl25z/demo_apps/hello_world_1/kds/../../../../../lib/ksdk_platform_lib/kds/KL25Z4/debug/libksdk_platform.a(fsl_sim_hal_MKL25Z4.o)
                0x00004970                CLOCK_HAL_SetOutDiv
 .text.OSC_HAL_SetCapacitor
                0x000049c0       0x28 H:/KDS studio/examples/frdmkl25z/demo_apps/hello_world_1/kds/../../../../../lib/ksdk_platform_lib/kds/KL25Z4/debug/libksdk_platform.a(fsl_osc_hal.o)
                0x000049c0                OSC_HAL_SetCapacitor
 .text.CLOCK_HAL_GetClkOutStat
                0x000049e8       0x20 H:/KDS studio/examples/frdmkl25z/demo_apps/hello_world_1/kds/../../../../../lib/ksdk_platform_lib/kds/KL25Z4/debug/libksdk_platform.a(fsl_mcg_hal.o)
 .text.CLOCK_HAL_SetInternalRefClkMode
                0x00004a08       0x24 H:/KDS studio/examples/frdmkl25z/demo_apps/hello_world_1/kds/../../../../../lib/ksdk_platform_lib/kds/KL25Z4/debug/libksdk_platform.a(fsl_mcg_hal.o)
 .text.CLOCK_HAL_GetInternalRefClkMode
                0x00004a2c       0x20 H:/KDS studio/examples/frdmkl25z/demo_apps/hello_world_1/kds/../../../../../lib/ksdk_platform_lib/kds/KL25Z4/debug/libksdk_platform.a(fsl_mcg_hal.o)
 .text.CLOCK_HAL_IsPllSelected
                0x00004a4c       0x24 H:/KDS studio/examples/frdmkl25z/demo_apps/hello_world_1/kds/../../../../../lib/ksdk_platform_lib/kds/KL25Z4/debug/libksdk_platform.a(fsl_mcg_hal.o)
 .text.CLOCK_HAL_IsOsc0Stable
                0x00004a70       0x24 H:/KDS studio/examples/frdmkl25z/demo_apps/hello_world_1/kds/../../../../../lib/ksdk_platform_lib/kds/KL25Z4/debug/libksdk_platform.a(fsl_mcg_hal.o)
 .text.CLOCK_HAL_PrepareOsc
                0x00004a94       0x3c H:/KDS studio/examples/frdmkl25z/demo_apps/hello_world_1/kds/../../../../../lib/ksdk_platform_lib/kds/KL25Z4/debug/libksdk_platform.a(fsl_mcg_hal.o)
                0x00004a94                CLOCK_HAL_PrepareOsc
 .text.CLOCK_HAL_GetMcgExternalClkFreq
                0x00004ad0       0x18 H:/KDS studio/examples/frdmkl25z/demo_apps/hello_world_1/kds/../../../../../lib/ksdk_platform_lib/kds/KL25Z4/debug/libksdk_platform.a(fsl_mcg_hal.o)
 .text.CLOCK_HAL_TestFllExternalRefFreq
                0x00004ae8       0x7c H:/KDS studio/examples/frdmkl25z/demo_apps/hello_world_1/kds/../../../../../lib/ksdk_platform_lib/kds/KL25Z4/debug/libksdk_platform.a(fsl_mcg_hal.o)
                0x00004ae8                CLOCK_HAL_TestFllExternalRefFreq
 .text.CLOCK_HAL_GetFllRefClk
                0x00004b64       0x8c H:/KDS studio/examples/frdmkl25z/demo_apps/hello_world_1/kds/../../../../../lib/ksdk_platform_lib/kds/KL25Z4/debug/libksdk_platform.a(fsl_mcg_hal.o)
                0x00004b64                CLOCK_HAL_GetFllRefClk
 .text.CLOCK_HAL_TestFllFreq
                0x00004bf0       0x6c H:/KDS studio/examples/frdmkl25z/demo_apps/hello_world_1/kds/../../../../../lib/ksdk_platform_lib/kds/KL25Z4/debug/libksdk_platform.a(fsl_mcg_hal.o)
                0x00004bf0                CLOCK_HAL_TestFllFreq
 .text.CLOCK_HAL_GetFllClk
                0x00004c5c       0x7c H:/KDS studio/examples/frdmkl25z/demo_apps/hello_world_1/kds/../../../../../lib/ksdk_platform_lib/kds/KL25Z4/debug/libksdk_platform.a(fsl_mcg_hal.o)
                0x00004c5c                CLOCK_HAL_GetFllClk
 .text.CLOCK_HAL_UpdateFastClkInternalRefDiv
                0x00004cd8       0xb8 H:/KDS studio/examples/frdmkl25z/demo_apps/hello_world_1/kds/../../../../../lib/ksdk_platform_lib/kds/KL25Z4/debug/libksdk_platform.a(fsl_mcg_hal.o)
                0x00004cd8                CLOCK_HAL_UpdateFastClkInternalRefDiv
 .text.CLOCK_HAL_UpdateInternalRefClk
                0x00004d90       0x8c H:/KDS studio/examples/frdmkl25z/demo_apps/hello_world_1/kds/../../../../../lib/ksdk_platform_lib/kds/KL25Z4/debug/libksdk_platform.a(fsl_mcg_hal.o)
                0x00004d90                CLOCK_HAL_UpdateInternalRefClk
 .text.CLOCK_HAL_GetPll0RefFreq
                0x00004e1c       0x1c H:/KDS studio/examples/frdmkl25z/demo_apps/hello_world_1/kds/../../../../../lib/ksdk_platform_lib/kds/KL25Z4/debug/libksdk_platform.a(fsl_mcg_hal.o)
                0x00004e1c                CLOCK_HAL_GetPll0RefFreq
 .text.CLOCK_HAL_GetPll0Clk
                0x00004e38       0x90 H:/KDS studio/examples/frdmkl25z/demo_apps/hello_world_1/kds/../../../../../lib/ksdk_platform_lib/kds/KL25Z4/debug/libksdk_platform.a(fsl_mcg_hal.o)
                0x00004e38                CLOCK_HAL_GetPll0Clk
 .text.CLOCK_HAL_GetInternalRefClk
                0x00004ec8       0x64 H:/KDS studio/examples/frdmkl25z/demo_apps/hello_world_1/kds/../../../../../lib/ksdk_platform_lib/kds/KL25Z4/debug/libksdk_platform.a(fsl_mcg_hal.o)
                0x00004ec8                CLOCK_HAL_GetInternalRefClk
 .text.CLOCK_HAL_GetOutClk
                0x00004f2c       0x7c H:/KDS studio/examples/frdmkl25z/demo_apps/hello_world_1/kds/../../../../../lib/ksdk_platform_lib/kds/KL25Z4/debug/libksdk_platform.a(fsl_mcg_hal.o)
                0x00004f2c                CLOCK_HAL_GetOutClk
 .text.CLOCK_HAL_SetOsc0Mode
                0x00004fa8       0x68 H:/KDS studio/examples/frdmkl25z/demo_apps/hello_world_1/kds/../../../../../lib/ksdk_platform_lib/kds/KL25Z4/debug/libksdk_platform.a(fsl_mcg_hal.o)
                0x00004fa8                CLOCK_HAL_SetOsc0Mode
 .text.CLOCK_HAL_GetClkOutStat
                0x00005010       0x20 H:/KDS studio/examples/frdmkl25z/demo_apps/hello_world_1/kds/../../../../../lib/ksdk_platform_lib/kds/KL25Z4/debug/libksdk_platform.a(fsl_mcg_hal_modes.o)
 .text.CLOCK_HAL_SetPll0EnableCmd
                0x00005030       0x28 H:/KDS studio/examples/frdmkl25z/demo_apps/hello_world_1/kds/../../../../../lib/ksdk_platform_lib/kds/KL25Z4/debug/libksdk_platform.a(fsl_mcg_hal_modes.o)
 .text.CLOCK_HAL_IsPll0Locked
                0x00005058       0x24 H:/KDS studio/examples/frdmkl25z/demo_apps/hello_world_1/kds/../../../../../lib/ksdk_platform_lib/kds/KL25Z4/debug/libksdk_platform.a(fsl_mcg_hal_modes.o)
 .text.CLOCK_HAL_IsPllSelected
                0x0000507c       0x24 H:/KDS studio/examples/frdmkl25z/demo_apps/hello_world_1/kds/../../../../../lib/ksdk_platform_lib/kds/KL25Z4/debug/libksdk_platform.a(fsl_mcg_hal_modes.o)
 .text.CLOCK_HAL_SetPbeMode
                0x000050a0      0x100 H:/KDS studio/examples/frdmkl25z/demo_apps/hello_world_1/kds/../../../../../lib/ksdk_platform_lib/kds/KL25Z4/debug/libksdk_platform.a(fsl_mcg_hal_modes.o)
                0x000050a0                CLOCK_HAL_SetPbeMode
 .text.modf     0x000051a0       0x7c c:/freescale/kds_v3/toolchain/bin/../lib/gcc/arm-none-eabi/4.8.4/../../../../arm-none-eabi/lib/armv6-m\libm.a(lib_a-s_modf.o)
                0x000051a0                modf
 .text.abs      0x0000521c        0x8 c:/freescale/kds_v3/toolchain/bin/../lib/gcc/arm-none-eabi/4.8.4/../../../../arm-none-eabi/lib/armv6-m\libg_s.a(lib_a-abs.o)
                0x0000521c                abs
 .text.__assert_func
                0x00005224       0x3c c:/freescale/kds_v3/toolchain/bin/../lib/gcc/arm-none-eabi/4.8.4/../../../../arm-none-eabi/lib/armv6-m\libg_s.a(lib_a-assert.o)
                0x00005224                __assert_func
 .text.__errno  0x00005260        0xc c:/freescale/kds_v3/toolchain/bin/../lib/gcc/arm-none-eabi/4.8.4/../../../../arm-none-eabi/lib/armv6-m\libg_s.a(lib_a-errno.o)
                0x00005260                __errno
 .text.exit     0x0000526c       0x2c c:/freescale/kds_v3/toolchain/bin/../lib/gcc/arm-none-eabi/4.8.4/../../../../arm-none-eabi/lib/armv6-m\libg_s.a(lib_a-exit.o)
                0x0000526c                exit
 .text.fprintf  0x00005298       0x24 c:/freescale/kds_v3/toolchain/bin/../lib/gcc/arm-none-eabi/4.8.4/../../../../arm-none-eabi/lib/armv6-m\libg_s.a(lib_a-fprintf.o)
                0x00005298                fiprintf
                0x00005298                fprintf
 .text.__libc_init_array
                0x000052bc       0x4c c:/freescale/kds_v3/toolchain/bin/../lib/gcc/arm-none-eabi/4.8.4/../../../../arm-none-eabi/lib/armv6-m\libg_s.a(lib_a-init.o)
                0x000052bc                __libc_init_array
 .text.malloc   0x00005308       0x14 c:/freescale/kds_v3/toolchain/bin/../lib/gcc/arm-none-eabi/4.8.4/../../../../arm-none-eabi/lib/armv6-m\libg_s.a(lib_a-malloc.o)
                0x00005308                malloc
 .text.memset   0x0000531c       0x10 c:/freescale/kds_v3/toolchain/bin/../lib/gcc/arm-none-eabi/4.8.4/../../../../arm-none-eabi/lib/armv6-m\libg_s.a(lib_a-memset.o)
                0x0000531c                memset
 .text._calloc_r
                0x0000532c       0x1c c:/freescale/kds_v3/toolchain/bin/../lib/gcc/arm-none-eabi/4.8.4/../../../../arm-none-eabi/lib/armv6-m\libg_s.a(lib_a-nano-callocr.o)
                0x0000532c                _calloc_r
 .text._free_r  0x00005348       0x90 c:/freescale/kds_v3/toolchain/bin/../lib/gcc/arm-none-eabi/4.8.4/../../../../arm-none-eabi/lib/armv6-m\libg_s.a(lib_a-nano-freer.o)
                0x00005348                _free_r
 .text._malloc_r
                0x000053d8       0xa8 c:/freescale/kds_v3/toolchain/bin/../lib/gcc/arm-none-eabi/4.8.4/../../../../arm-none-eabi/lib/armv6-m\libg_s.a(lib_a-nano-mallocr.o)
                0x000053d8                _malloc_r
 .text._sbrk_r  0x00005480       0x24 c:/freescale/kds_v3/toolchain/bin/../lib/gcc/arm-none-eabi/4.8.4/../../../../arm-none-eabi/lib/armv6-m\libg_s.a(lib_a-sbrkr.o)
                0x00005480                _sbrk_r
 .text.strlen   0x000054a4        0xe c:/freescale/kds_v3/toolchain/bin/../lib/gcc/arm-none-eabi/4.8.4/../../../../arm-none-eabi/lib/armv6-m\libg_s.a(lib_a-strlen.o)
                0x000054a4                strlen
 .text.__sfputc_r
                0x000054b2       0x2a c:/freescale/kds_v3/toolchain/bin/../lib/gcc/arm-none-eabi/4.8.4/../../../../arm-none-eabi/lib/armv6-m\libg_s.a(lib_a-vfprintf.o)
 .text.__sfputs_r
                0x000054dc       0x24 c:/freescale/kds_v3/toolchain/bin/../lib/gcc/arm-none-eabi/4.8.4/../../../../arm-none-eabi/lib/armv6-m\libg_s.a(lib_a-vfprintf.o)
                0x000054dc                __sfputs_r
 .text._vfprintf_r
                0x00005500      0x210 c:/freescale/kds_v3/toolchain/bin/../lib/gcc/arm-none-eabi/4.8.4/../../../../arm-none-eabi/lib/armv6-m\libg_s.a(lib_a-vfprintf.o)
                0x00005500                _vfprintf_r
                0x00005500                _vfiprintf_r
 .text.__cvt    0x00005710       0xd0 c:/freescale/kds_v3/toolchain/bin/../lib/gcc/arm-none-eabi/4.8.4/../../../../arm-none-eabi/lib/armv6-m\libg_s.a(lib_a-vfprintf_float.o)
                0x00005710                __cvt
 .text.__exponent
                0x000057e0       0x6a c:/freescale/kds_v3/toolchain/bin/../lib/gcc/arm-none-eabi/4.8.4/../../../../arm-none-eabi/lib/armv6-m\libg_s.a(lib_a-vfprintf_float.o)
                0x000057e0                __exponent
 *fill*         0x0000584a        0x6 
 .text._printf_float
                0x00005850      0x458 c:/freescale/kds_v3/toolchain/bin/../lib/gcc/arm-none-eabi/4.8.4/../../../../arm-none-eabi/lib/armv6-m\libg_s.a(lib_a-vfprintf_float.o)
                0x00005850                _printf_float
 .text._printf_common
                0x00005ca8       0xe8 c:/freescale/kds_v3/toolchain/bin/../lib/gcc/arm-none-eabi/4.8.4/../../../../arm-none-eabi/lib/armv6-m\libg_s.a(lib_a-vfprintf_i.o)
                0x00005ca8                _printf_common
 .text._printf_i
                0x00005d90      0x22c c:/freescale/kds_v3/toolchain/bin/../lib/gcc/arm-none-eabi/4.8.4/../../../../arm-none-eabi/lib/armv6-m\libg_s.a(lib_a-vfprintf_i.o)
                0x00005d90                _printf_i
 .text.__swbuf_r
                0x00005fbc       0xb0 c:/freescale/kds_v3/toolchain/bin/../lib/gcc/arm-none-eabi/4.8.4/../../../../arm-none-eabi/lib/armv6-m\libg_s.a(lib_a-wbuf.o)
                0x00005fbc                __swbuf_r
 .text.__swsetup_r
                0x0000606c       0xe4 c:/freescale/kds_v3/toolchain/bin/../lib/gcc/arm-none-eabi/4.8.4/../../../../arm-none-eabi/lib/armv6-m\libg_s.a(lib_a-wsetup.o)
                0x0000606c                __swsetup_r
 .text.abort    0x00006150        0xe c:/freescale/kds_v3/toolchain/bin/../lib/gcc/arm-none-eabi/4.8.4/../../../../arm-none-eabi/lib/armv6-m\libg_s.a(lib_a-abort.o)
                0x00006150                abort
 .text.quorem   0x0000615e      0x118 c:/freescale/kds_v3/toolchain/bin/../lib/gcc/arm-none-eabi/4.8.4/../../../../arm-none-eabi/lib/armv6-m\libg_s.a(lib_a-dtoa.o)
 *fill*         0x00006276        0x2 
 .text._dtoa_r  0x00006278      0xbb8 c:/freescale/kds_v3/toolchain/bin/../lib/gcc/arm-none-eabi/4.8.4/../../../../arm-none-eabi/lib/armv6-m\libg_s.a(lib_a-dtoa.o)
                0x00006278                _dtoa_r
 .text.__sflush_r
                0x00006e30      0x112 c:/freescale/kds_v3/toolchain/bin/../lib/gcc/arm-none-eabi/4.8.4/../../../../arm-none-eabi/lib/armv6-m\libg_s.a(lib_a-fflush.o)
                0x00006e30                __sflush_r
 *fill*         0x00006f42        0x2 
 .text._fflush_r
                0x00006f44       0x58 c:/freescale/kds_v3/toolchain/bin/../lib/gcc/arm-none-eabi/4.8.4/../../../../arm-none-eabi/lib/armv6-m\libg_s.a(lib_a-fflush.o)
                0x00006f44                _fflush_r
 .text._cleanup_r
                0x00006f9c       0x34 c:/freescale/kds_v3/toolchain/bin/../lib/gcc/arm-none-eabi/4.8.4/../../../../arm-none-eabi/lib/armv6-m\libg_s.a(lib_a-findfp.o)
                0x00006f9c                _cleanup_r
 .text.std.isra.0
                0x00006fd0       0x48 c:/freescale/kds_v3/toolchain/bin/../lib/gcc/arm-none-eabi/4.8.4/../../../../arm-none-eabi/lib/armv6-m\libg_s.a(lib_a-findfp.o)
 .text.__sfmoreglue
                0x00007018       0x2c c:/freescale/kds_v3/toolchain/bin/../lib/gcc/arm-none-eabi/4.8.4/../../../../arm-none-eabi/lib/armv6-m\libg_s.a(lib_a-findfp.o)
                0x00007018                __sfmoreglue
 .text.__sinit  0x00007044       0x64 c:/freescale/kds_v3/toolchain/bin/../lib/gcc/arm-none-eabi/4.8.4/../../../../arm-none-eabi/lib/armv6-m\libg_s.a(lib_a-findfp.o)
                0x00007044                __sinit
 .text.__sfp    0x000070a8       0x7c c:/freescale/kds_v3/toolchain/bin/../lib/gcc/arm-none-eabi/4.8.4/../../../../arm-none-eabi/lib/armv6-m\libg_s.a(lib_a-findfp.o)
                0x000070a8                __sfp
 .text._localeconv_r
                0x00007124        0x8 c:/freescale/kds_v3/toolchain/bin/../lib/gcc/arm-none-eabi/4.8.4/../../../../arm-none-eabi/lib/armv6-m\libg_s.a(lib_a-locale.o)
                0x00007124                _localeconv_r
 .text.__smakebuf_r
                0x0000712c       0xa0 c:/freescale/kds_v3/toolchain/bin/../lib/gcc/arm-none-eabi/4.8.4/../../../../arm-none-eabi/lib/armv6-m\libg_s.a(lib_a-makebuf.o)
                0x0000712c                __smakebuf_r
 .text.memchr   0x000071cc       0x16 c:/freescale/kds_v3/toolchain/bin/../lib/gcc/arm-none-eabi/4.8.4/../../../../arm-none-eabi/lib/armv6-m\libg_s.a(lib_a-memchr-stub.o)
                0x000071cc                memchr
 .text.memcpy   0x000071e2       0x12 c:/freescale/kds_v3/toolchain/bin/../lib/gcc/arm-none-eabi/4.8.4/../../../../arm-none-eabi/lib/armv6-m\libg_s.a(lib_a-memcpy-stub.o)
                0x000071e2                memcpy
 .text._Balloc  0x000071f4       0x70 c:/freescale/kds_v3/toolchain/bin/../lib/gcc/arm-none-eabi/4.8.4/../../../../arm-none-eabi/lib/armv6-m\libg_s.a(lib_a-mprec.o)
                0x000071f4                _Balloc
 .text._Bfree   0x00007264       0x32 c:/freescale/kds_v3/toolchain/bin/../lib/gcc/arm-none-eabi/4.8.4/../../../../arm-none-eabi/lib/armv6-m\libg_s.a(lib_a-mprec.o)
                0x00007264                _Bfree
 .text.__multadd
                0x00007296       0x7c c:/freescale/kds_v3/toolchain/bin/../lib/gcc/arm-none-eabi/4.8.4/../../../../arm-none-eabi/lib/armv6-m\libg_s.a(lib_a-mprec.o)
                0x00007296                __multadd
 .text.__hi0bits
                0x00007312       0x38 c:/freescale/kds_v3/toolchain/bin/../lib/gcc/arm-none-eabi/4.8.4/../../../../arm-none-eabi/lib/armv6-m\libg_s.a(lib_a-mprec.o)
                0x00007312                __hi0bits
 .text.__lo0bits
                0x0000734a       0x5a c:/freescale/kds_v3/toolchain/bin/../lib/gcc/arm-none-eabi/4.8.4/../../../../arm-none-eabi/lib/armv6-m\libg_s.a(lib_a-mprec.o)
                0x0000734a                __lo0bits
 .text.__i2b    0x000073a4       0x12 c:/freescale/kds_v3/toolchain/bin/../lib/gcc/arm-none-eabi/4.8.4/../../../../arm-none-eabi/lib/armv6-m\libg_s.a(lib_a-mprec.o)
                0x000073a4                __i2b
 .text.__multiply
                0x000073b6      0x11e c:/freescale/kds_v3/toolchain/bin/../lib/gcc/arm-none-eabi/4.8.4/../../../../arm-none-eabi/lib/armv6-m\libg_s.a(lib_a-mprec.o)
                0x000073b6                __multiply
 .text.__pow5mult
                0x000074d4       0xa4 c:/freescale/kds_v3/toolchain/bin/../lib/gcc/arm-none-eabi/4.8.4/../../../../arm-none-eabi/lib/armv6-m\libg_s.a(lib_a-mprec.o)
                0x000074d4                __pow5mult
 .text.__lshift
                0x00007578       0xa4 c:/freescale/kds_v3/toolchain/bin/../lib/gcc/arm-none-eabi/4.8.4/../../../../arm-none-eabi/lib/armv6-m\libg_s.a(lib_a-mprec.o)
                0x00007578                __lshift
 .text.__mcmp   0x0000761c       0x36 c:/freescale/kds_v3/toolchain/bin/../lib/gcc/arm-none-eabi/4.8.4/../../../../arm-none-eabi/lib/armv6-m\libg_s.a(lib_a-mprec.o)
                0x0000761c                __mcmp
 .text.__mdiff  0x00007652       0xcc c:/freescale/kds_v3/toolchain/bin/../lib/gcc/arm-none-eabi/4.8.4/../../../../arm-none-eabi/lib/armv6-m\libg_s.a(lib_a-mprec.o)
                0x00007652                __mdiff
 *fill*         0x0000771e        0x2 
 .text.__d2b    0x00007720       0xb0 c:/freescale/kds_v3/toolchain/bin/../lib/gcc/arm-none-eabi/4.8.4/../../../../arm-none-eabi/lib/armv6-m\libg_s.a(lib_a-mprec.o)
                0x00007720                __d2b
 .text.__fpclassifyd
                0x000077d0       0x54 c:/freescale/kds_v3/toolchain/bin/../lib/gcc/arm-none-eabi/4.8.4/../../../../arm-none-eabi/lib/armv6-m\libg_s.a(lib_a-s_fpclassify.o)
                0x000077d0                __fpclassifyd
 .text._raise_r
                0x00007824       0x56 c:/freescale/kds_v3/toolchain/bin/../lib/gcc/arm-none-eabi/4.8.4/../../../../arm-none-eabi/lib/armv6-m\libg_s.a(lib_a-signal.o)
                0x00007824                _raise_r
 *fill*         0x0000787a        0x2 
 .text.raise    0x0000787c       0x14 c:/freescale/kds_v3/toolchain/bin/../lib/gcc/arm-none-eabi/4.8.4/../../../../arm-none-eabi/lib/armv6-m\libg_s.a(lib_a-signal.o)
                0x0000787c                raise
 .text._kill_r  0x00007890       0x24 c:/freescale/kds_v3/toolchain/bin/../lib/gcc/arm-none-eabi/4.8.4/../../../../arm-none-eabi/lib/armv6-m\libg_s.a(lib_a-signalr.o)
                0x00007890                _kill_r
 .text._getpid_r
                0x000078b4        0x8 c:/freescale/kds_v3/toolchain/bin/../lib/gcc/arm-none-eabi/4.8.4/../../../../arm-none-eabi/lib/armv6-m\libg_s.a(lib_a-signalr.o)
                0x000078b4                _getpid_r
 .text.__sread  0x000078bc       0x28 c:/freescale/kds_v3/toolchain/bin/../lib/gcc/arm-none-eabi/4.8.4/../../../../arm-none-eabi/lib/armv6-m\libg_s.a(lib_a-stdio.o)
                0x000078bc                __sread
 .text.__swrite
                0x000078e4       0x38 c:/freescale/kds_v3/toolchain/bin/../lib/gcc/arm-none-eabi/4.8.4/../../../../arm-none-eabi/lib/armv6-m\libg_s.a(lib_a-stdio.o)
                0x000078e4                __swrite
 .text.__sseek  0x0000791c       0x2c c:/freescale/kds_v3/toolchain/bin/../lib/gcc/arm-none-eabi/4.8.4/../../../../arm-none-eabi/lib/armv6-m\libg_s.a(lib_a-stdio.o)
                0x0000791c                __sseek
 .text.__sclose
                0x00007948        0xc c:/freescale/kds_v3/toolchain/bin/../lib/gcc/arm-none-eabi/4.8.4/../../../../arm-none-eabi/lib/armv6-m\libg_s.a(lib_a-stdio.o)
                0x00007948                __sclose
 .text._write_r
                0x00007954       0x28 c:/freescale/kds_v3/toolchain/bin/../lib/gcc/arm-none-eabi/4.8.4/../../../../arm-none-eabi/lib/armv6-m\libg_s.a(lib_a-writer.o)
                0x00007954                _write_r
 .text._close_r
                0x0000797c       0x24 c:/freescale/kds_v3/toolchain/bin/../lib/gcc/arm-none-eabi/4.8.4/../../../../arm-none-eabi/lib/armv6-m\libg_s.a(lib_a-closer.o)
                0x0000797c                _close_r
 .text._fstat_r
                0x000079a0       0x24 c:/freescale/kds_v3/toolchain/bin/../lib/gcc/arm-none-eabi/4.8.4/../../../../arm-none-eabi/lib/armv6-m\libg_s.a(lib_a-fstatr.o)
                0x000079a0                _fstat_r
 .text._isatty_r
                0x000079c4       0x24 c:/freescale/kds_v3/toolchain/bin/../lib/gcc/arm-none-eabi/4.8.4/../../../../arm-none-eabi/lib/armv6-m\libg_s.a(lib_a-isattyr.o)
                0x000079c4                _isatty_r
 .text._lseek_r
                0x000079e8       0x28 c:/freescale/kds_v3/toolchain/bin/../lib/gcc/arm-none-eabi/4.8.4/../../../../arm-none-eabi/lib/armv6-m\libg_s.a(lib_a-lseekr.o)
                0x000079e8                _lseek_r
 .text._read_r  0x00007a10       0x28 c:/freescale/kds_v3/toolchain/bin/../lib/gcc/arm-none-eabi/4.8.4/../../../../arm-none-eabi/lib/armv6-m\libg_s.a(lib_a-readr.o)
                0x00007a10                _read_r
 .text._close   0x00007a38       0x10 c:/freescale/kds_v3/toolchain/bin/../lib/gcc/arm-none-eabi/4.8.4/../../../../arm-none-eabi/lib/armv6-m\libnosys.a(close.o)
                0x00007a38                _close
 .text._fstat   0x00007a48       0x10 c:/freescale/kds_v3/toolchain/bin/../lib/gcc/arm-none-eabi/4.8.4/../../../../arm-none-eabi/lib/armv6-m\libnosys.a(fstat.o)
                0x00007a48                _fstat
 .text._getpid  0x00007a58       0x10 c:/freescale/kds_v3/toolchain/bin/../lib/gcc/arm-none-eabi/4.8.4/../../../../arm-none-eabi/lib/armv6-m\libnosys.a(getpid.o)
                0x00007a58                _getpid
 .text._isatty  0x00007a68       0x10 c:/freescale/kds_v3/toolchain/bin/../lib/gcc/arm-none-eabi/4.8.4/../../../../arm-none-eabi/lib/armv6-m\libnosys.a(isatty.o)
                0x00007a68                _isatty
 .text._kill    0x00007a78       0x10 c:/freescale/kds_v3/toolchain/bin/../lib/gcc/arm-none-eabi/4.8.4/../../../../arm-none-eabi/lib/armv6-m\libnosys.a(kill.o)
                0x00007a78                _kill
 .text._lseek   0x00007a88       0x10 c:/freescale/kds_v3/toolchain/bin/../lib/gcc/arm-none-eabi/4.8.4/../../../../arm-none-eabi/lib/armv6-m\libnosys.a(lseek.o)
                0x00007a88                _lseek
 .text._exit    0x00007a98        0x4 c:/freescale/kds_v3/toolchain/bin/../lib/gcc/arm-none-eabi/4.8.4/../../../../arm-none-eabi/lib/armv6-m\libnosys.a(_exit.o)
                0x00007a98                _exit
 *(.rodata)
 .rodata        0x00007a9c        0xc ./utilities/fsl_debug_console.o
 .rodata        0x00007aa8       0xa8 ./src/main.o
 .rodata        0x00007b50       0x3c ./board/board.o
 .rodata        0x00007b8c       0x3c ./board/pin_mux.o
 .rodata        0x00007bc8      0x22c H:/KDS studio/examples/frdmkl25z/demo_apps/hello_world_1/kds/../../../../../lib/ksdk_platform_lib/kds/KL25Z4/debug/libksdk_platform.a(fsl_clock_MKL25Z4.o)
 .rodata        0x00007df4       0xcc H:/KDS studio/examples/frdmkl25z/demo_apps/hello_world_1/kds/../../../../../lib/ksdk_platform_lib/kds/KL25Z4/debug/libksdk_platform.a(fsl_clock_manager.o)
 .rodata        0x00007ec0       0x40 c:/freescale/kds_v3/toolchain/bin/../lib/gcc/arm-none-eabi/4.8.4/armv6-m\libgcc.a(divdf3.o)
 .rodata        0x00007f00       0x40 c:/freescale/kds_v3/toolchain/bin/../lib/gcc/arm-none-eabi/4.8.4/armv6-m\libgcc.a(muldf3.o)
 *(.rodata*)
 .rodata._doprint
                0x00007f40      0x110 ./utilities/print_scan.o
 .rodata.PeakLvlMet_LookUp
                0x00008050       0x80 ./src/main.o
                0x00008050                PeakLvlMet_LookUp
 .rodata.g_defaultClockConfigRun
                0x000080d0       0x14 ./board/board.o
                0x000080d0                g_defaultClockConfigRun
 .rodata.__func__.4998
                0x000080e4       0x14 ./board/board.o
 .rodata.__func__.4978
                0x000080f8       0x14 ./board/pin_mux.o
 .rodata.portGateTable
                0x0000810c        0x8 H:/KDS studio/examples/frdmkl25z/demo_apps/hello_world_1/kds/../../../../../lib/ksdk_platform_lib/kds/KL25Z4/debug/libksdk_platform.a(fsl_clock_MKL25Z4.o)
 .rodata.uartGateTable
                0x00008114        0x4 H:/KDS studio/examples/frdmkl25z/demo_apps/hello_world_1/kds/../../../../../lib/ksdk_platform_lib/kds/KL25Z4/debug/libksdk_platform.a(fsl_clock_MKL25Z4.o)
 .rodata.__func__.6456
                0x00008118       0x1c H:/KDS studio/examples/frdmkl25z/demo_apps/hello_world_1/kds/../../../../../lib/ksdk_platform_lib/kds/KL25Z4/debug/libksdk_platform.a(fsl_clock_MKL25Z4.o)
 .rodata.__func__.6529
                0x00008134       0x1c H:/KDS studio/examples/frdmkl25z/demo_apps/hello_world_1/kds/../../../../../lib/ksdk_platform_lib/kds/KL25Z4/debug/libksdk_platform.a(fsl_clock_MKL25Z4.o)
 .rodata.__func__.6534
                0x00008150       0x1c H:/KDS studio/examples/frdmkl25z/demo_apps/hello_world_1/kds/../../../../../lib/ksdk_platform_lib/kds/KL25Z4/debug/libksdk_platform.a(fsl_clock_MKL25Z4.o)
 .rodata.__func__.6614
                0x0000816c       0x14 H:/KDS studio/examples/frdmkl25z/demo_apps/hello_world_1/kds/../../../../../lib/ksdk_platform_lib/kds/KL25Z4/debug/libksdk_platform.a(fsl_clock_manager.o)
 .rodata.g_oscBase
                0x00008180        0x4 H:/KDS studio/examples/frdmkl25z/demo_apps/hello_world_1/kds/../../../../../lib/ksdk_platform_lib/kds/KL25Z4/debug/libksdk_platform.a(fsl_clock_manager_common.o)
                0x00008180                g_oscBase
 .rodata.fllFactorTable.5209
                0x00008184       0x10 H:/KDS studio/examples/frdmkl25z/demo_apps/hello_world_1/kds/../../../../../lib/ksdk_platform_lib/kds/KL25Z4/debug/libksdk_platform.a(fsl_mcg_hal.o)
 .rodata.str1.1
                0x00008194       0x3c c:/freescale/kds_v3/toolchain/bin/../lib/gcc/arm-none-eabi/4.8.4/../../../../arm-none-eabi/lib/armv6-m\libg_s.a(lib_a-assert.o)
                                 0x3d (size before relaxing)
 .rodata.str1.1
                0x000081d0        0x2 c:/freescale/kds_v3/toolchain/bin/../lib/gcc/arm-none-eabi/4.8.4/../../../../arm-none-eabi/lib/armv6-m\libg_s.a(lib_a-impure.o)
 *fill*         0x000081d2        0x2 
 .rodata._global_impure_ptr
                0x000081d4        0x4 c:/freescale/kds_v3/toolchain/bin/../lib/gcc/arm-none-eabi/4.8.4/../../../../arm-none-eabi/lib/armv6-m\libg_s.a(lib_a-impure.o)
                0x000081d4                _global_impure_ptr
 .rodata.str1.1
                0x000081d8       0x11 c:/freescale/kds_v3/toolchain/bin/../lib/gcc/arm-none-eabi/4.8.4/../../../../arm-none-eabi/lib/armv6-m\libg_s.a(lib_a-vfprintf.o)
 .rodata.str1.1
                0x000081e9       0x12 c:/freescale/kds_v3/toolchain/bin/../lib/gcc/arm-none-eabi/4.8.4/../../../../arm-none-eabi/lib/armv6-m\libg_s.a(lib_a-vfprintf_float.o)
 .rodata.str1.1
                0x000081fb       0x22 c:/freescale/kds_v3/toolchain/bin/../lib/gcc/arm-none-eabi/4.8.4/../../../../arm-none-eabi/lib/armv6-m\libg_s.a(lib_a-vfprintf_i.o)
 .rodata.str1.1
                0x0000821d        0xd c:/freescale/kds_v3/toolchain/bin/../lib/gcc/arm-none-eabi/4.8.4/../../../../arm-none-eabi/lib/armv6-m\libg_s.a(lib_a-dtoa.o)
                                  0xf (size before relaxing)
 *fill*         0x0000822a        0x2 
 .rodata.__sf_fake_stdin
                0x0000822c       0x20 c:/freescale/kds_v3/toolchain/bin/../lib/gcc/arm-none-eabi/4.8.4/../../../../arm-none-eabi/lib/armv6-m\libg_s.a(lib_a-findfp.o)
                0x0000822c                __sf_fake_stdin
 .rodata.__sf_fake_stdout
                0x0000824c       0x20 c:/freescale/kds_v3/toolchain/bin/../lib/gcc/arm-none-eabi/4.8.4/../../../../arm-none-eabi/lib/armv6-m\libg_s.a(lib_a-findfp.o)
                0x0000824c                __sf_fake_stdout
 .rodata.__sf_fake_stderr
                0x0000826c       0x20 c:/freescale/kds_v3/toolchain/bin/../lib/gcc/arm-none-eabi/4.8.4/../../../../arm-none-eabi/lib/armv6-m\libg_s.a(lib_a-findfp.o)
                0x0000826c                __sf_fake_stderr
 .rodata.str1.1
                0x0000828c        0x8 c:/freescale/kds_v3/toolchain/bin/../lib/gcc/arm-none-eabi/4.8.4/../../../../arm-none-eabi/lib/armv6-m\libg_s.a(lib_a-locale.o)
                                  0xb (size before relaxing)
 *fill*         0x00008294        0x4 
 .rodata.__mprec_tens
                0x00008298       0xc8 c:/freescale/kds_v3/toolchain/bin/../lib/gcc/arm-none-eabi/4.8.4/../../../../arm-none-eabi/lib/armv6-m\libg_s.a(lib_a-mprec.o)
                0x00008298                __mprec_tens
 .rodata.__mprec_bigtens
                0x00008360       0x28 c:/freescale/kds_v3/toolchain/bin/../lib/gcc/arm-none-eabi/4.8.4/../../../../arm-none-eabi/lib/armv6-m\libg_s.a(lib_a-mprec.o)
                0x00008360                __mprec_bigtens
 .rodata.p05.5281
                0x00008388        0xc c:/freescale/kds_v3/toolchain/bin/../lib/gcc/arm-none-eabi/4.8.4/../../../../arm-none-eabi/lib/armv6-m\libg_s.a(lib_a-mprec.o)
 *(.glue_7)
 .glue_7        0x00000000        0x0 linker stubs
 *(.glue_7t)
 .glue_7t       0x00000000        0x0 linker stubs
 *(.eh_frame)
 .eh_frame      0x00008394        0x0 c:/freescale/kds_v3/toolchain/bin/../lib/gcc/arm-none-eabi/4.8.4/armv6-m/crtbegin.o
 *(.init)
 .init          0x00008394        0x4 c:/freescale/kds_v3/toolchain/bin/../lib/gcc/arm-none-eabi/4.8.4/armv6-m/crti.o
                0x00008394                _init
 .init          0x00008398        0x8 c:/freescale/kds_v3/toolchain/bin/../lib/gcc/arm-none-eabi/4.8.4/armv6-m/crtn.o
 *(.fini)
 .fini          0x000083a0        0x4 c:/freescale/kds_v3/toolchain/bin/../lib/gcc/arm-none-eabi/4.8.4/armv6-m/crti.o
                0x000083a0                _fini
 .fini          0x000083a4        0x8 c:/freescale/kds_v3/toolchain/bin/../lib/gcc/arm-none-eabi/4.8.4/armv6-m/crtn.o
                0x000083ac                . = ALIGN (0x4)

.vfp11_veneer   0x000083ac        0x0
 .vfp11_veneer  0x00000000        0x0 linker stubs

.v4_bx          0x000083ac        0x0
 .v4_bx         0x00000000        0x0 linker stubs

.iplt           0x000083ac        0x0
 .iplt          0x00000000        0x0 c:/freescale/kds_v3/toolchain/bin/../lib/gcc/arm-none-eabi/4.8.4/armv6-m/crtbegin.o

.ARM.extab
 *(.ARM.extab* .gnu.linkonce.armextab.*)

.ARM            0x000083ac        0x8
                0x000083ac                __exidx_start = .
 *(.ARM.exidx*)
 .ARM.exidx     0x000083ac        0x8 c:/freescale/kds_v3/toolchain/bin/../lib/gcc/arm-none-eabi/4.8.4/../../../../arm-none-eabi/lib/armv6-m/crt0.o
                0x000083b4                __exidx_end = .

.rel.dyn        0x000083b4        0x0
 .rel.iplt      0x00000000        0x0 c:/freescale/kds_v3/toolchain/bin/../lib/gcc/arm-none-eabi/4.8.4/armv6-m/crtbegin.o

.ctors          0x000083b4        0x0
                0x000083b4                __CTOR_LIST__ = .
 *crtbegin.o(.ctors)
 *crtbegin?.o(.ctors)
 *(EXCLUDE_FILE(*crtend.o *crtend?.o) .ctors)
 *(SORT(.ctors.*))
 *(.ctors)
                0x000083b4                __CTOR_END__ = .

.dtors          0x000083b4        0x0
                0x000083b4                __DTOR_LIST__ = .
 *crtbegin.o(.dtors)
 *crtbegin?.o(.dtors)
 *(EXCLUDE_FILE(*crtend.o *crtend?.o) .dtors)
 *(SORT(.dtors.*))
 *(.dtors)
                0x000083b4                __DTOR_END__ = .

.preinit_array  0x000083b4        0x0
                0x000083b4                PROVIDE (__preinit_array_start, .)
 *(.preinit_array*)
                0x000083b4                PROVIDE (__preinit_array_end, .)

.init_array     0x000083b4        0x4
                0x000083b4                PROVIDE (__init_array_start, .)
 *(SORT(.init_array.*))
 *(.init_array*)
 .init_array    0x000083b4        0x4 c:/freescale/kds_v3/toolchain/bin/../lib/gcc/arm-none-eabi/4.8.4/armv6-m/crtbegin.o
                0x000083b8                PROVIDE (__init_array_end, .)

.fini_array     0x000083b8        0x4
                0x000083b8                PROVIDE (__fini_array_start, .)
 *(SORT(.fini_array.*))
 *(.fini_array*)
 .fini_array    0x000083b8        0x4 c:/freescale/kds_v3/toolchain/bin/../lib/gcc/arm-none-eabi/4.8.4/armv6-m/crtbegin.o
                0x000083bc                PROVIDE (__fini_array_end, .)
                0x000083bc                __etext = .
                0x000083bc                __DATA_ROM = .

.mtb            0x1ffff000        0x0
                0x1ffff000                . = ALIGN (0x8)
                0x1ffff000                _mtb_start = .
 *(.mtb_buf)
                0x1ffff000                . = ALIGN (0x8)
                0x1ffff000                _mtb_end = .

.interrupts_ram
                0x1ffff000        0x0
                0x1ffff000                . = ALIGN (0x4)
                0x1ffff000                __VECTOR_RAM__ = .
                0x1ffff000                __interrupts_ram_start__ = .
 *(.m_interrupts_ram)
                0x1ffff000                . = (. + M_VECTOR_RAM_SIZE)
                0x1ffff000                . = ALIGN (0x4)
                0x1ffff000                __interrupts_ram_end__ = .
                0x00000000                __VECTOR_RAM = DEFINED (__ram_vector_table__)?__VECTOR_RAM__:ORIGIN (m_interrupts)
                0x00000000                __RAM_VECTOR_TABLE_SIZE_BYTES = DEFINED (__ram_vector_table__)?(__interrupts_ram_end__ - __interrupts_ram_start__):0x0

.data           0x1ffff000       0xac load address 0x000083bc
                0x1ffff000                . = ALIGN (0x4)
                0x1ffff000                __DATA_RAM = .
                0x1ffff000                __data_start__ = .
 *(.data)
 *(.data*)
 .data.SystemCoreClock
                0x1ffff000        0x4 ./startup/system_MKL25Z4.o
                0x1ffff000                SystemCoreClock
 .data.g_fastInternalRefClkFreq
                0x1ffff004        0x4 H:/KDS studio/examples/frdmkl25z/demo_apps/hello_world_1/kds/../../../../../lib/ksdk_platform_lib/kds/KL25Z4/debug/libksdk_platform.a(fsl_mcg_hal.o)
                0x1ffff004                g_fastInternalRefClkFreq
 .data.g_slowInternalRefClkFreq
                0x1ffff008        0x4 H:/KDS studio/examples/frdmkl25z/demo_apps/hello_world_1/kds/../../../../../lib/ksdk_platform_lib/kds/KL25Z4/debug/libksdk_platform.a(fsl_mcg_hal.o)
                0x1ffff008                g_slowInternalRefClkFreq
 .data.impure_data
                0x1ffff00c       0x60 c:/freescale/kds_v3/toolchain/bin/../lib/gcc/arm-none-eabi/4.8.4/../../../../arm-none-eabi/lib/armv6-m\libg_s.a(lib_a-impure.o)
 .data._impure_ptr
                0x1ffff06c        0x4 c:/freescale/kds_v3/toolchain/bin/../lib/gcc/arm-none-eabi/4.8.4/../../../../arm-none-eabi/lib/armv6-m\libg_s.a(lib_a-impure.o)
                0x1ffff06c                _impure_ptr
 .data.lconv    0x1ffff070       0x38 c:/freescale/kds_v3/toolchain/bin/../lib/gcc/arm-none-eabi/4.8.4/../../../../arm-none-eabi/lib/armv6-m\libg_s.a(lib_a-locale.o)
 *(.jcr*)
 .jcr           0x1ffff0a8        0x0 c:/freescale/kds_v3/toolchain/bin/../lib/gcc/arm-none-eabi/4.8.4/armv6-m/crtbegin.o
 .jcr           0x1ffff0a8        0x4 c:/freescale/kds_v3/toolchain/bin/../lib/gcc/arm-none-eabi/4.8.4/armv6-m/crtend.o
                0x1ffff0ac                . = ALIGN (0x4)
                0x1ffff0ac                __data_end__ = .
                0x00008468                __DATA_END = (__DATA_ROM + (__data_end__ - __data_start__))
                0x00020000                text_end = (ORIGIN (m_text) + 0x1fbf0)
                0x00000001                ASSERT ((__DATA_END <= text_end), region m_text overflowed with text and data)

.igot.plt       0x1ffff0ac        0x0 load address 0x00008468
 .igot.plt      0x00000000        0x0 c:/freescale/kds_v3/toolchain/bin/../lib/gcc/arm-none-eabi/4.8.4/armv6-m/crtbegin.o

.bss            0x1ffff0ac      0x14c load address 0x00008468
                0x1ffff0ac                . = ALIGN (0x4)
                0x1ffff0ac                __START_BSS = .
                0x1ffff0ac                __bss_start__ = .
 *(.bss)
 .bss           0x1ffff0ac       0x1c c:/freescale/kds_v3/toolchain/bin/../lib/gcc/arm-none-eabi/4.8.4/armv6-m/crtbegin.o
 *(.bss*)
 .bss.s_debugConsole
                0x1ffff0c8       0x10 ./utilities/fsl_debug_console.o
 .bss.heap_end.5140
                0x1ffff0d8        0x4 ./utilities/fsl_misc_utilities.o
 .bss.DMA_Value
                0x1ffff0dc      0x100 ./src/dma.o
                0x1ffff0dc                DMA_Value
 .bss.DMA_Ptr   0x1ffff1dc        0x4 ./src/dma.o
                0x1ffff1dc                DMA_Ptr
 .bss.index     0x1ffff1e0        0x2 ./src/dma.o
                0x1ffff1e0                index
 .bss.DMA_Transfer_Complete
                0x1ffff1e2        0x2 ./src/dma.o
                0x1ffff1e2                DMA_Transfer_Complete
 .bss.PeakLvlMet_Peak
                0x1ffff1e4        0x2 ./src/main.o
                0x1ffff1e4                PeakLvlMet_Peak
 .bss.PeakLvlMet_PeakMax
                0x1ffff1e6        0x2 ./src/main.o
                0x1ffff1e6                PeakLvlMet_PeakMax
 .bss.g_xtal0ClkFreq
                0x1ffff1e8        0x4 H:/KDS studio/examples/frdmkl25z/demo_apps/hello_world_1/kds/../../../../../lib/ksdk_platform_lib/kds/KL25Z4/debug/libksdk_platform.a(fsl_mcg_hal.o)
                0x1ffff1e8                g_xtal0ClkFreq
 .bss.__malloc_sbrk_start
                0x1ffff1ec        0x4 c:/freescale/kds_v3/toolchain/bin/../lib/gcc/arm-none-eabi/4.8.4/../../../../arm-none-eabi/lib/armv6-m\libg_s.a(lib_a-nano-mallocr.o)
                0x1ffff1ec                __malloc_sbrk_start
 .bss.__malloc_free_list
                0x1ffff1f0        0x4 c:/freescale/kds_v3/toolchain/bin/../lib/gcc/arm-none-eabi/4.8.4/../../../../arm-none-eabi/lib/armv6-m\libg_s.a(lib_a-nano-mallocr.o)
                0x1ffff1f0                __malloc_free_list
 *(COMMON)
 COMMON         0x1ffff1f4        0x4 c:/freescale/kds_v3/toolchain/bin/../lib/gcc/arm-none-eabi/4.8.4/../../../../arm-none-eabi/lib/armv6-m\libg_s.a(lib_a-reent.o)
                0x1ffff1f4                errno
                0x1ffff1f8                . = ALIGN (0x4)
                0x1ffff1f8                __bss_end__ = .
                0x1ffff1f8                __END_BSS = .

.heap           0x1ffff1f8      0x200 load address 0x000085b4
                0x1ffff1f8                . = ALIGN (0x8)
                0x1ffff1f8                __end__ = .
                0x1ffff1f8                PROVIDE (end, .)
                0x1ffff1f8                __HeapBase = .
                0x1ffff3f8                . = (. + HEAP_SIZE)
 *fill*         0x1ffff1f8      0x200 
                0x1ffff3f8                __HeapLimit = .

.stack          0x1ffff3f8      0x400 load address 0x000087b4
                0x1ffff3f8                . = ALIGN (0x8)
                0x1ffff7f8                . = (. + STACK_SIZE)
 *fill*         0x1ffff3f8      0x400 
                0x20003000                __StackTop = (ORIGIN (m_data) + 0x4000)
                0x20002c00                __StackLimit = (__StackTop - STACK_SIZE)
                0x20003000                PROVIDE (__stack, __StackTop)

.ARM.attributes
                0x00000000       0x28
 *(.ARM.attributes)
 .ARM.attributes
                0x00000000       0x1e c:/freescale/kds_v3/toolchain/bin/../lib/gcc/arm-none-eabi/4.8.4/armv6-m/crti.o
 .ARM.attributes
                0x0000001e       0x2c c:/freescale/kds_v3/toolchain/bin/../lib/gcc/arm-none-eabi/4.8.4/armv6-m/crtbegin.o
 .ARM.attributes
                0x0000004a       0x1b c:/freescale/kds_v3/toolchain/bin/../lib/gcc/arm-none-eabi/4.8.4/../../../../arm-none-eabi/lib/armv6-m/crt0.o
 .ARM.attributes
                0x00000065       0x32 ./utilities/fsl_debug_console.o
 .ARM.attributes
                0x00000097       0x32 ./utilities/fsl_misc_utilities.o
 .ARM.attributes
                0x000000c9       0x32 ./utilities/print_scan.o
 .ARM.attributes
                0x000000fb       0x32 ./startup/startup.o
 .ARM.attributes
                0x0000012d       0x1b ./startup/startup_MKL25Z4.o
 .ARM.attributes
                0x00000148       0x32 ./startup/system_MKL25Z4.o
 .ARM.attributes
                0x0000017a       0x32 ./src/adc.o
 .ARM.attributes
                0x000001ac       0x32 ./src/dma.o
 .ARM.attributes
                0x000001de       0x32 ./src/main.o
 .ARM.attributes
                0x00000210       0x32 ./board/board.o
 .ARM.attributes
                0x00000242       0x32 ./board/hardware_init.o
 .ARM.attributes
                0x00000274       0x32 ./board/pin_mux.o
 .ARM.attributes
                0x000002a6       0x32 H:/KDS studio/examples/frdmkl25z/demo_apps/hello_world_1/kds/../../../../../lib/ksdk_platform_lib/kds/KL25Z4/debug/libksdk_platform.a(fsl_uart_hal.o)
 .ARM.attributes
                0x000002d8       0x32 H:/KDS studio/examples/frdmkl25z/demo_apps/hello_world_1/kds/../../../../../lib/ksdk_platform_lib/kds/KL25Z4/debug/libksdk_platform.a(fsl_lpsci_hal.o)
 .ARM.attributes
                0x0000030a       0x32 H:/KDS studio/examples/frdmkl25z/demo_apps/hello_world_1/kds/../../../../../lib/ksdk_platform_lib/kds/KL25Z4/debug/libksdk_platform.a(fsl_clock_MKL25Z4.o)
 .ARM.attributes
                0x0000033c       0x32 H:/KDS studio/examples/frdmkl25z/demo_apps/hello_world_1/kds/../../../../../lib/ksdk_platform_lib/kds/KL25Z4/debug/libksdk_platform.a(fsl_clock_manager.o)
 .ARM.attributes
                0x0000036e       0x32 H:/KDS studio/examples/frdmkl25z/demo_apps/hello_world_1/kds/../../../../../lib/ksdk_platform_lib/kds/KL25Z4/debug/libksdk_platform.a(fsl_clock_manager_common.o)
 .ARM.attributes
                0x000003a0       0x32 H:/KDS studio/examples/frdmkl25z/demo_apps/hello_world_1/kds/../../../../../lib/ksdk_platform_lib/kds/KL25Z4/debug/libksdk_platform.a(fsl_sim_hal_MKL25Z4.o)
 .ARM.attributes
                0x000003d2       0x32 H:/KDS studio/examples/frdmkl25z/demo_apps/hello_world_1/kds/../../../../../lib/ksdk_platform_lib/kds/KL25Z4/debug/libksdk_platform.a(fsl_osc_hal.o)
 .ARM.attributes
                0x00000404       0x32 H:/KDS studio/examples/frdmkl25z/demo_apps/hello_world_1/kds/../../../../../lib/ksdk_platform_lib/kds/KL25Z4/debug/libksdk_platform.a(fsl_mcg_hal.o)
 .ARM.attributes
                0x00000436       0x32 H:/KDS studio/examples/frdmkl25z/demo_apps/hello_world_1/kds/../../../../../lib/ksdk_platform_lib/kds/KL25Z4/debug/libksdk_platform.a(fsl_mcg_hal_modes.o)
 .ARM.attributes
                0x00000468       0x2c c:/freescale/kds_v3/toolchain/bin/../lib/gcc/arm-none-eabi/4.8.4/../../../../arm-none-eabi/lib/armv6-m\libm.a(lib_a-s_modf.o)
 .ARM.attributes
                0x00000494       0x2c c:/freescale/kds_v3/toolchain/bin/../lib/gcc/arm-none-eabi/4.8.4/../../../../arm-none-eabi/lib/armv6-m\libg_s.a(lib_a-abs.o)
 .ARM.attributes
                0x000004c0       0x2c c:/freescale/kds_v3/toolchain/bin/../lib/gcc/arm-none-eabi/4.8.4/../../../../arm-none-eabi/lib/armv6-m\libg_s.a(lib_a-assert.o)
 .ARM.attributes
                0x000004ec       0x2c c:/freescale/kds_v3/toolchain/bin/../lib/gcc/arm-none-eabi/4.8.4/../../../../arm-none-eabi/lib/armv6-m\libg_s.a(lib_a-errno.o)
 .ARM.attributes
                0x00000518       0x2c c:/freescale/kds_v3/toolchain/bin/../lib/gcc/arm-none-eabi/4.8.4/../../../../arm-none-eabi/lib/armv6-m\libg_s.a(lib_a-exit.o)
 .ARM.attributes
                0x00000544       0x2c c:/freescale/kds_v3/toolchain/bin/../lib/gcc/arm-none-eabi/4.8.4/../../../../arm-none-eabi/lib/armv6-m\libg_s.a(lib_a-fprintf.o)
 .ARM.attributes
                0x00000570       0x2c c:/freescale/kds_v3/toolchain/bin/../lib/gcc/arm-none-eabi/4.8.4/../../../../arm-none-eabi/lib/armv6-m\libg_s.a(lib_a-impure.o)
 .ARM.attributes
                0x0000059c       0x2c c:/freescale/kds_v3/toolchain/bin/../lib/gcc/arm-none-eabi/4.8.4/../../../../arm-none-eabi/lib/armv6-m\libg_s.a(lib_a-init.o)
 .ARM.attributes
                0x000005c8       0x2c c:/freescale/kds_v3/toolchain/bin/../lib/gcc/arm-none-eabi/4.8.4/../../../../arm-none-eabi/lib/armv6-m\libg_s.a(lib_a-malloc.o)
 .ARM.attributes
                0x000005f4       0x2c c:/freescale/kds_v3/toolchain/bin/../lib/gcc/arm-none-eabi/4.8.4/../../../../arm-none-eabi/lib/armv6-m\libg_s.a(lib_a-memset.o)
 .ARM.attributes
                0x00000620       0x2c c:/freescale/kds_v3/toolchain/bin/../lib/gcc/arm-none-eabi/4.8.4/../../../../arm-none-eabi/lib/armv6-m\libg_s.a(lib_a-nano-callocr.o)
 .ARM.attributes
                0x0000064c       0x2c c:/freescale/kds_v3/toolchain/bin/../lib/gcc/arm-none-eabi/4.8.4/../../../../arm-none-eabi/lib/armv6-m\libg_s.a(lib_a-nano-freer.o)
 .ARM.attributes
                0x00000678       0x2c c:/freescale/kds_v3/toolchain/bin/../lib/gcc/arm-none-eabi/4.8.4/../../../../arm-none-eabi/lib/armv6-m\libg_s.a(lib_a-nano-mallocr.o)
 .ARM.attributes
                0x000006a4       0x2c c:/freescale/kds_v3/toolchain/bin/../lib/gcc/arm-none-eabi/4.8.4/../../../../arm-none-eabi/lib/armv6-m\libg_s.a(lib_a-sbrkr.o)
 .ARM.attributes
                0x000006d0       0x2c c:/freescale/kds_v3/toolchain/bin/../lib/gcc/arm-none-eabi/4.8.4/../../../../arm-none-eabi/lib/armv6-m\libg_s.a(lib_a-strlen.o)
 .ARM.attributes
                0x000006fc       0x2c c:/freescale/kds_v3/toolchain/bin/../lib/gcc/arm-none-eabi/4.8.4/../../../../arm-none-eabi/lib/armv6-m\libg_s.a(lib_a-vfprintf.o)
 .ARM.attributes
                0x00000728       0x2c c:/freescale/kds_v3/toolchain/bin/../lib/gcc/arm-none-eabi/4.8.4/../../../../arm-none-eabi/lib/armv6-m\libg_s.a(lib_a-vfprintf_float.o)
 .ARM.attributes
                0x00000754       0x2c c:/freescale/kds_v3/toolchain/bin/../lib/gcc/arm-none-eabi/4.8.4/../../../../arm-none-eabi/lib/armv6-m\libg_s.a(lib_a-vfprintf_i.o)
 .ARM.attributes
                0x00000780       0x2c c:/freescale/kds_v3/toolchain/bin/../lib/gcc/arm-none-eabi/4.8.4/../../../../arm-none-eabi/lib/armv6-m\libg_s.a(lib_a-wbuf.o)
 .ARM.attributes
                0x000007ac       0x2c c:/freescale/kds_v3/toolchain/bin/../lib/gcc/arm-none-eabi/4.8.4/../../../../arm-none-eabi/lib/armv6-m\libg_s.a(lib_a-wsetup.o)
 .ARM.attributes
                0x000007d8       0x2c c:/freescale/kds_v3/toolchain/bin/../lib/gcc/arm-none-eabi/4.8.4/../../../../arm-none-eabi/lib/armv6-m\libg_s.a(lib_a-abort.o)
 .ARM.attributes
                0x00000804       0x2c c:/freescale/kds_v3/toolchain/bin/../lib/gcc/arm-none-eabi/4.8.4/../../../../arm-none-eabi/lib/armv6-m\libg_s.a(lib_a-dtoa.o)
 .ARM.attributes
                0x00000830       0x2c c:/freescale/kds_v3/toolchain/bin/../lib/gcc/arm-none-eabi/4.8.4/../../../../arm-none-eabi/lib/armv6-m\libg_s.a(lib_a-fflush.o)
 .ARM.attributes
                0x0000085c       0x2c c:/freescale/kds_v3/toolchain/bin/../lib/gcc/arm-none-eabi/4.8.4/../../../../arm-none-eabi/lib/armv6-m\libg_s.a(lib_a-findfp.o)
 .ARM.attributes
                0x00000888       0x2c c:/freescale/kds_v3/toolchain/bin/../lib/gcc/arm-none-eabi/4.8.4/../../../../arm-none-eabi/lib/armv6-m\libg_s.a(lib_a-locale.o)
 .ARM.attributes
                0x000008b4       0x2c c:/freescale/kds_v3/toolchain/bin/../lib/gcc/arm-none-eabi/4.8.4/../../../../arm-none-eabi/lib/armv6-m\libg_s.a(lib_a-makebuf.o)
 .ARM.attributes
                0x000008e0       0x2c c:/freescale/kds_v3/toolchain/bin/../lib/gcc/arm-none-eabi/4.8.4/../../../../arm-none-eabi/lib/armv6-m\libg_s.a(lib_a-memchr-stub.o)
 .ARM.attributes
                0x0000090c       0x2c c:/freescale/kds_v3/toolchain/bin/../lib/gcc/arm-none-eabi/4.8.4/../../../../arm-none-eabi/lib/armv6-m\libg_s.a(lib_a-memcpy-stub.o)
 .ARM.attributes
                0x00000938       0x2c c:/freescale/kds_v3/toolchain/bin/../lib/gcc/arm-none-eabi/4.8.4/../../../../arm-none-eabi/lib/armv6-m\libg_s.a(lib_a-mprec.o)
 .ARM.attributes
                0x00000964       0x2c c:/freescale/kds_v3/toolchain/bin/../lib/gcc/arm-none-eabi/4.8.4/../../../../arm-none-eabi/lib/armv6-m\libg_s.a(lib_a-reent.o)
 .ARM.attributes
                0x00000990       0x2c c:/freescale/kds_v3/toolchain/bin/../lib/gcc/arm-none-eabi/4.8.4/../../../../arm-none-eabi/lib/armv6-m\libg_s.a(lib_a-s_fpclassify.o)
 .ARM.attributes
                0x000009bc       0x2c c:/freescale/kds_v3/toolchain/bin/../lib/gcc/arm-none-eabi/4.8.4/../../../../arm-none-eabi/lib/armv6-m\libg_s.a(lib_a-signal.o)
 .ARM.attributes
                0x000009e8       0x2c c:/freescale/kds_v3/toolchain/bin/../lib/gcc/arm-none-eabi/4.8.4/../../../../arm-none-eabi/lib/armv6-m\libg_s.a(lib_a-signalr.o)
 .ARM.attributes
                0x00000a14       0x2c c:/freescale/kds_v3/toolchain/bin/../lib/gcc/arm-none-eabi/4.8.4/../../../../arm-none-eabi/lib/armv6-m\libg_s.a(lib_a-stdio.o)
 .ARM.attributes
                0x00000a40       0x2c c:/freescale/kds_v3/toolchain/bin/../lib/gcc/arm-none-eabi/4.8.4/../../../../arm-none-eabi/lib/armv6-m\libg_s.a(lib_a-writer.o)
 .ARM.attributes
                0x00000a6c       0x2c c:/freescale/kds_v3/toolchain/bin/../lib/gcc/arm-none-eabi/4.8.4/../../../../arm-none-eabi/lib/armv6-m\libg_s.a(lib_a-closer.o)
 .ARM.attributes
                0x00000a98       0x2c c:/freescale/kds_v3/toolchain/bin/../lib/gcc/arm-none-eabi/4.8.4/../../../../arm-none-eabi/lib/armv6-m\libg_s.a(lib_a-fstatr.o)
 .ARM.attributes
                0x00000ac4       0x2c c:/freescale/kds_v3/toolchain/bin/../lib/gcc/arm-none-eabi/4.8.4/../../../../arm-none-eabi/lib/armv6-m\libg_s.a(lib_a-isattyr.o)
 .ARM.attributes
                0x00000af0       0x2c c:/freescale/kds_v3/toolchain/bin/../lib/gcc/arm-none-eabi/4.8.4/../../../../arm-none-eabi/lib/armv6-m\libg_s.a(lib_a-lseekr.o)
 .ARM.attributes
                0x00000b1c       0x2c c:/freescale/kds_v3/toolchain/bin/../lib/gcc/arm-none-eabi/4.8.4/../../../../arm-none-eabi/lib/armv6-m\libg_s.a(lib_a-readr.o)
 .ARM.attributes
                0x00000b48       0x1e c:/freescale/kds_v3/toolchain/bin/../lib/gcc/arm-none-eabi/4.8.4/armv6-m\libgcc.a(_thumb1_case_uqi.o)
 .ARM.attributes
                0x00000b66       0x1e c:/freescale/kds_v3/toolchain/bin/../lib/gcc/arm-none-eabi/4.8.4/armv6-m\libgcc.a(_udivsi3.o)
 .ARM.attributes
                0x00000b84       0x1e c:/freescale/kds_v3/toolchain/bin/../lib/gcc/arm-none-eabi/4.8.4/armv6-m\libgcc.a(_divsi3.o)
 .ARM.attributes
                0x00000ba2       0x1e c:/freescale/kds_v3/toolchain/bin/../lib/gcc/arm-none-eabi/4.8.4/armv6-m\libgcc.a(_dvmd_tls.o)
 .ARM.attributes
                0x00000bc0       0x1e c:/freescale/kds_v3/toolchain/bin/../lib/gcc/arm-none-eabi/4.8.4/armv6-m\libgcc.a(_arm_cmpdf2.o)
 .ARM.attributes
                0x00000bde       0x2c c:/freescale/kds_v3/toolchain/bin/../lib/gcc/arm-none-eabi/4.8.4/armv6-m\libgcc.a(_muldi3.o)
 .ARM.attributes
                0x00000c0a       0x2c c:/freescale/kds_v3/toolchain/bin/../lib/gcc/arm-none-eabi/4.8.4/armv6-m\libgcc.a(_fixdfdi.o)
 .ARM.attributes
                0x00000c36       0x2c c:/freescale/kds_v3/toolchain/bin/../lib/gcc/arm-none-eabi/4.8.4/armv6-m\libgcc.a(_fixunsdfdi.o)
 .ARM.attributes
                0x00000c62       0x2c c:/freescale/kds_v3/toolchain/bin/../lib/gcc/arm-none-eabi/4.8.4/armv6-m\libgcc.a(_floatdidf.o)
 .ARM.attributes
                0x00000c8e       0x2c c:/freescale/kds_v3/toolchain/bin/../lib/gcc/arm-none-eabi/4.8.4/armv6-m\libgcc.a(adddf3.o)
 .ARM.attributes
                0x00000cba       0x2c c:/freescale/kds_v3/toolchain/bin/../lib/gcc/arm-none-eabi/4.8.4/armv6-m\libgcc.a(divdf3.o)
 .ARM.attributes
                0x00000ce6       0x2c c:/freescale/kds_v3/toolchain/bin/../lib/gcc/arm-none-eabi/4.8.4/armv6-m\libgcc.a(eqdf2.o)
 .ARM.attributes
                0x00000d12       0x2c c:/freescale/kds_v3/toolchain/bin/../lib/gcc/arm-none-eabi/4.8.4/armv6-m\libgcc.a(gedf2.o)
 .ARM.attributes
                0x00000d3e       0x2c c:/freescale/kds_v3/toolchain/bin/../lib/gcc/arm-none-eabi/4.8.4/armv6-m\libgcc.a(ledf2.o)
 .ARM.attributes
                0x00000d6a       0x2c c:/freescale/kds_v3/toolchain/bin/../lib/gcc/arm-none-eabi/4.8.4/armv6-m\libgcc.a(muldf3.o)
 .ARM.attributes
                0x00000d96       0x2c c:/freescale/kds_v3/toolchain/bin/../lib/gcc/arm-none-eabi/4.8.4/armv6-m\libgcc.a(subdf3.o)
 .ARM.attributes
                0x00000dc2       0x2c c:/freescale/kds_v3/toolchain/bin/../lib/gcc/arm-none-eabi/4.8.4/armv6-m\libgcc.a(fixdfsi.o)
 .ARM.attributes
                0x00000dee       0x2c c:/freescale/kds_v3/toolchain/bin/../lib/gcc/arm-none-eabi/4.8.4/armv6-m\libgcc.a(floatsidf.o)
 .ARM.attributes
                0x00000e1a       0x2c c:/freescale/kds_v3/toolchain/bin/../lib/gcc/arm-none-eabi/4.8.4/armv6-m\libgcc.a(floatunsidf.o)
 .ARM.attributes
                0x00000e46       0x2c c:/freescale/kds_v3/toolchain/bin/../lib/gcc/arm-none-eabi/4.8.4/armv6-m\libgcc.a(extendsfdf2.o)
 .ARM.attributes
                0x00000e72       0x1e c:/freescale/kds_v3/toolchain/bin/../lib/gcc/arm-none-eabi/4.8.4/armv6-m\libgcc.a(_clzsi2.o)
 .ARM.attributes
                0x00000e90       0x2c c:/freescale/kds_v3/toolchain/bin/../lib/gcc/arm-none-eabi/4.8.4/armv6-m\libgcc.a(_fixunsdfsi.o)
 .ARM.attributes
                0x00000ebc       0x2c c:/freescale/kds_v3/toolchain/bin/../lib/gcc/arm-none-eabi/4.8.4/../../../../arm-none-eabi/lib/armv6-m\libnosys.a(close.o)
 .ARM.attributes
                0x00000ee8       0x2c c:/freescale/kds_v3/toolchain/bin/../lib/gcc/arm-none-eabi/4.8.4/../../../../arm-none-eabi/lib/armv6-m\libnosys.a(fstat.o)
 .ARM.attributes
                0x00000f14       0x2c c:/freescale/kds_v3/toolchain/bin/../lib/gcc/arm-none-eabi/4.8.4/../../../../arm-none-eabi/lib/armv6-m\libnosys.a(getpid.o)
 .ARM.attributes
                0x00000f40       0x2c c:/freescale/kds_v3/toolchain/bin/../lib/gcc/arm-none-eabi/4.8.4/../../../../arm-none-eabi/lib/armv6-m\libnosys.a(isatty.o)
 .ARM.attributes
                0x00000f6c       0x2c c:/freescale/kds_v3/toolchain/bin/../lib/gcc/arm-none-eabi/4.8.4/../../../../arm-none-eabi/lib/armv6-m\libnosys.a(kill.o)
 .ARM.attributes
                0x00000f98       0x2c c:/freescale/kds_v3/toolchain/bin/../lib/gcc/arm-none-eabi/4.8.4/../../../../arm-none-eabi/lib/armv6-m\libnosys.a(lseek.o)
 .ARM.attributes
                0x00000fc4       0x2c c:/freescale/kds_v3/toolchain/bin/../lib/gcc/arm-none-eabi/4.8.4/../../../../arm-none-eabi/lib/armv6-m\libnosys.a(_exit.o)
 .ARM.attributes
                0x00000ff0       0x2c c:/freescale/kds_v3/toolchain/bin/../lib/gcc/arm-none-eabi/4.8.4/armv6-m/crtend.o
 .ARM.attributes
                0x0000101c       0x1e c:/freescale/kds_v3/toolchain/bin/../lib/gcc/arm-none-eabi/4.8.4/armv6-m/crtn.o
                0x00000001                ASSERT ((__StackLimit >= __HeapLimit), region m_data overflowed with stack and heap)
OUTPUT(hello_world_frdmkl25z.elf elf32-littlearm)

.debug_info     0x00000000     0x98c1
 .debug_info    0x00000000      0xa4c ./utilities/fsl_debug_console.o
 .debug_info    0x00000a4c      0x16e ./utilities/fsl_misc_utilities.o
 .debug_info    0x00000bba      0x6e2 ./utilities/print_scan.o
 .debug_info    0x0000129c      0x278 ./startup/startup.o
 .debug_info    0x00001514       0xb0 ./startup/startup_MKL25Z4.o
 .debug_info    0x000015c4      0x3cb ./startup/system_MKL25Z4.o
 .debug_info    0x0000198f      0x45e ./src/adc.o
 .debug_info    0x00001ded      0x7bf ./src/dma.o
 .debug_info    0x000025ac      0x1ce ./src/main.o
 .debug_info    0x0000277a      0xa3f ./board/board.o
 .debug_info    0x000031b9       0xd3 ./board/hardware_init.o
 .debug_info    0x0000328c      0x3ed ./board/pin_mux.o
 .debug_info    0x00003679      0x80e H:/KDS studio/examples/frdmkl25z/demo_apps/hello_world_1/kds/../../../../../lib/ksdk_platform_lib/kds/KL25Z4/debug/libksdk_platform.a(fsl_uart_hal.o)
 .debug_info    0x00003e87      0x917 H:/KDS studio/examples/frdmkl25z/demo_apps/hello_world_1/kds/../../../../../lib/ksdk_platform_lib/kds/KL25Z4/debug/libksdk_platform.a(fsl_lpsci_hal.o)
 .debug_info    0x0000479e     0x17a4 H:/KDS studio/examples/frdmkl25z/demo_apps/hello_world_1/kds/../../../../../lib/ksdk_platform_lib/kds/KL25Z4/debug/libksdk_platform.a(fsl_clock_MKL25Z4.o)
 .debug_info    0x00005f42     0x1682 H:/KDS studio/examples/frdmkl25z/demo_apps/hello_world_1/kds/../../../../../lib/ksdk_platform_lib/kds/KL25Z4/debug/libksdk_platform.a(fsl_clock_manager.o)
 .debug_info    0x000075c4      0x448 H:/KDS studio/examples/frdmkl25z/demo_apps/hello_world_1/kds/../../../../../lib/ksdk_platform_lib/kds/KL25Z4/debug/libksdk_platform.a(fsl_clock_manager_common.o)
 .debug_info    0x00007a0c      0x953 H:/KDS studio/examples/frdmkl25z/demo_apps/hello_world_1/kds/../../../../../lib/ksdk_platform_lib/kds/KL25Z4/debug/libksdk_platform.a(fsl_sim_hal_MKL25Z4.o)
 .debug_info    0x0000835f       0xef H:/KDS studio/examples/frdmkl25z/demo_apps/hello_world_1/kds/../../../../../lib/ksdk_platform_lib/kds/KL25Z4/debug/libksdk_platform.a(fsl_osc_hal.o)
 .debug_info    0x0000844e      0xc23 H:/KDS studio/examples/frdmkl25z/demo_apps/hello_world_1/kds/../../../../../lib/ksdk_platform_lib/kds/KL25Z4/debug/libksdk_platform.a(fsl_mcg_hal.o)
 .debug_info    0x00009071      0x850 H:/KDS studio/examples/frdmkl25z/demo_apps/hello_world_1/kds/../../../../../lib/ksdk_platform_lib/kds/KL25Z4/debug/libksdk_platform.a(fsl_mcg_hal_modes.o)

.debug_abbrev   0x00000000     0x1e99
 .debug_abbrev  0x00000000      0x237 ./utilities/fsl_debug_console.o
 .debug_abbrev  0x00000237       0xc1 ./utilities/fsl_misc_utilities.o
 .debug_abbrev  0x000002f8      0x1b3 ./utilities/print_scan.o
 .debug_abbrev  0x000004ab       0xe4 ./startup/startup.o
 .debug_abbrev  0x0000058f       0x14 ./startup/startup_MKL25Z4.o
 .debug_abbrev  0x000005a3      0x104 ./startup/system_MKL25Z4.o
 .debug_abbrev  0x000006a7      0x12b ./src/adc.o
 .debug_abbrev  0x000007d2      0x19a ./src/dma.o
 .debug_abbrev  0x0000096c       0xe2 ./src/main.o
 .debug_abbrev  0x00000a4e      0x251 ./board/board.o
 .debug_abbrev  0x00000c9f       0x72 ./board/hardware_init.o
 .debug_abbrev  0x00000d11      0x123 ./board/pin_mux.o
 .debug_abbrev  0x00000e34      0x1eb H:/KDS studio/examples/frdmkl25z/demo_apps/hello_world_1/kds/../../../../../lib/ksdk_platform_lib/kds/KL25Z4/debug/libksdk_platform.a(fsl_uart_hal.o)
 .debug_abbrev  0x0000101f      0x20e H:/KDS studio/examples/frdmkl25z/demo_apps/hello_world_1/kds/../../../../../lib/ksdk_platform_lib/kds/KL25Z4/debug/libksdk_platform.a(fsl_lpsci_hal.o)
 .debug_abbrev  0x0000122d      0x2ef H:/KDS studio/examples/frdmkl25z/demo_apps/hello_world_1/kds/../../../../../lib/ksdk_platform_lib/kds/KL25Z4/debug/libksdk_platform.a(fsl_clock_MKL25Z4.o)
 .debug_abbrev  0x0000151c      0x2a9 H:/KDS studio/examples/frdmkl25z/demo_apps/hello_world_1/kds/../../../../../lib/ksdk_platform_lib/kds/KL25Z4/debug/libksdk_platform.a(fsl_clock_manager.o)
 .debug_abbrev  0x000017c5       0xdb H:/KDS studio/examples/frdmkl25z/demo_apps/hello_world_1/kds/../../../../../lib/ksdk_platform_lib/kds/KL25Z4/debug/libksdk_platform.a(fsl_clock_manager_common.o)
 .debug_abbrev  0x000018a0      0x188 H:/KDS studio/examples/frdmkl25z/demo_apps/hello_world_1/kds/../../../../../lib/ksdk_platform_lib/kds/KL25Z4/debug/libksdk_platform.a(fsl_sim_hal_MKL25Z4.o)
 .debug_abbrev  0x00001a28       0x99 H:/KDS studio/examples/frdmkl25z/demo_apps/hello_world_1/kds/../../../../../lib/ksdk_platform_lib/kds/KL25Z4/debug/libksdk_platform.a(fsl_osc_hal.o)
 .debug_abbrev  0x00001ac1      0x234 H:/KDS studio/examples/frdmkl25z/demo_apps/hello_world_1/kds/../../../../../lib/ksdk_platform_lib/kds/KL25Z4/debug/libksdk_platform.a(fsl_mcg_hal.o)
 .debug_abbrev  0x00001cf5      0x1a4 H:/KDS studio/examples/frdmkl25z/demo_apps/hello_world_1/kds/../../../../../lib/ksdk_platform_lib/kds/KL25Z4/debug/libksdk_platform.a(fsl_mcg_hal_modes.o)

.debug_aranges  0x00000000      0xa40
 .debug_aranges
                0x00000000       0xa0 ./utilities/fsl_debug_console.o
 .debug_aranges
                0x000000a0       0x28 ./utilities/fsl_misc_utilities.o
 .debug_aranges
                0x000000c8       0x50 ./utilities/print_scan.o
 .debug_aranges
                0x00000118       0x20 ./startup/startup.o
 .debug_aranges
                0x00000138       0x20 ./startup/startup_MKL25Z4.o
 .debug_aranges
                0x00000158       0x28 ./startup/system_MKL25Z4.o
 .debug_aranges
                0x00000180       0x30 ./src/adc.o
 .debug_aranges
                0x000001b0       0x30 ./src/dma.o
 .debug_aranges
                0x000001e0       0x28 ./src/main.o
 .debug_aranges
                0x00000208       0x70 ./board/board.o
 .debug_aranges
                0x00000278       0x20 ./board/hardware_init.o
 .debug_aranges
                0x00000298       0x80 ./board/pin_mux.o
 .debug_aranges
                0x00000318       0xb0 H:/KDS studio/examples/frdmkl25z/demo_apps/hello_world_1/kds/../../../../../lib/ksdk_platform_lib/kds/KL25Z4/debug/libksdk_platform.a(fsl_uart_hal.o)
 .debug_aranges
                0x000003c8       0xc8 H:/KDS studio/examples/frdmkl25z/demo_apps/hello_world_1/kds/../../../../../lib/ksdk_platform_lib/kds/KL25Z4/debug/libksdk_platform.a(fsl_lpsci_hal.o)
 .debug_aranges
                0x00000490      0x210 H:/KDS studio/examples/frdmkl25z/demo_apps/hello_world_1/kds/../../../../../lib/ksdk_platform_lib/kds/KL25Z4/debug/libksdk_platform.a(fsl_clock_MKL25Z4.o)
 .debug_aranges
                0x000006a0      0x150 H:/KDS studio/examples/frdmkl25z/demo_apps/hello_world_1/kds/../../../../../lib/ksdk_platform_lib/kds/KL25Z4/debug/libksdk_platform.a(fsl_clock_manager.o)
 .debug_aranges
                0x000007f0       0x18 H:/KDS studio/examples/frdmkl25z/demo_apps/hello_world_1/kds/../../../../../lib/ksdk_platform_lib/kds/KL25Z4/debug/libksdk_platform.a(fsl_clock_manager_common.o)
 .debug_aranges
                0x00000808       0x90 H:/KDS studio/examples/frdmkl25z/demo_apps/hello_world_1/kds/../../../../../lib/ksdk_platform_lib/kds/KL25Z4/debug/libksdk_platform.a(fsl_sim_hal_MKL25Z4.o)
 .debug_aranges
                0x00000898       0x20 H:/KDS studio/examples/frdmkl25z/demo_apps/hello_world_1/kds/../../../../../lib/ksdk_platform_lib/kds/KL25Z4/debug/libksdk_platform.a(fsl_osc_hal.o)
 .debug_aranges
                0x000008b8       0xf0 H:/KDS studio/examples/frdmkl25z/demo_apps/hello_world_1/kds/../../../../../lib/ksdk_platform_lib/kds/KL25Z4/debug/libksdk_platform.a(fsl_mcg_hal.o)
 .debug_aranges
                0x000009a8       0x98 H:/KDS studio/examples/frdmkl25z/demo_apps/hello_world_1/kds/../../../../../lib/ksdk_platform_lib/kds/KL25Z4/debug/libksdk_platform.a(fsl_mcg_hal_modes.o)

.debug_ranges   0x00000000      0x8d8
 .debug_ranges  0x00000000       0x90 ./utilities/fsl_debug_console.o
 .debug_ranges  0x00000090       0x18 ./utilities/fsl_misc_utilities.o
 .debug_ranges  0x000000a8       0x40 ./utilities/print_scan.o
 .debug_ranges  0x000000e8       0x10 ./startup/startup.o
 .debug_ranges  0x000000f8       0x18 ./startup/system_MKL25Z4.o
 .debug_ranges  0x00000110       0x20 ./src/adc.o
 .debug_ranges  0x00000130       0x20 ./src/dma.o
 .debug_ranges  0x00000150       0x18 ./src/main.o
 .debug_ranges  0x00000168       0x60 ./board/board.o
 .debug_ranges  0x000001c8       0x10 ./board/hardware_init.o
 .debug_ranges  0x000001d8       0x70 ./board/pin_mux.o
 .debug_ranges  0x00000248       0xa0 H:/KDS studio/examples/frdmkl25z/demo_apps/hello_world_1/kds/../../../../../lib/ksdk_platform_lib/kds/KL25Z4/debug/libksdk_platform.a(fsl_uart_hal.o)
 .debug_ranges  0x000002e8       0xb8 H:/KDS studio/examples/frdmkl25z/demo_apps/hello_world_1/kds/../../../../../lib/ksdk_platform_lib/kds/KL25Z4/debug/libksdk_platform.a(fsl_lpsci_hal.o)
 .debug_ranges  0x000003a0      0x200 H:/KDS studio/examples/frdmkl25z/demo_apps/hello_world_1/kds/../../../../../lib/ksdk_platform_lib/kds/KL25Z4/debug/libksdk_platform.a(fsl_clock_MKL25Z4.o)
 .debug_ranges  0x000005a0      0x140 H:/KDS studio/examples/frdmkl25z/demo_apps/hello_world_1/kds/../../../../../lib/ksdk_platform_lib/kds/KL25Z4/debug/libksdk_platform.a(fsl_clock_manager.o)
 .debug_ranges  0x000006e0       0x80 H:/KDS studio/examples/frdmkl25z/demo_apps/hello_world_1/kds/../../../../../lib/ksdk_platform_lib/kds/KL25Z4/debug/libksdk_platform.a(fsl_sim_hal_MKL25Z4.o)
 .debug_ranges  0x00000760       0x10 H:/KDS studio/examples/frdmkl25z/demo_apps/hello_world_1/kds/../../../../../lib/ksdk_platform_lib/kds/KL25Z4/debug/libksdk_platform.a(fsl_osc_hal.o)
 .debug_ranges  0x00000770       0xe0 H:/KDS studio/examples/frdmkl25z/demo_apps/hello_world_1/kds/../../../../../lib/ksdk_platform_lib/kds/KL25Z4/debug/libksdk_platform.a(fsl_mcg_hal.o)
 .debug_ranges  0x00000850       0x88 H:/KDS studio/examples/frdmkl25z/demo_apps/hello_world_1/kds/../../../../../lib/ksdk_platform_lib/kds/KL25Z4/debug/libksdk_platform.a(fsl_mcg_hal_modes.o)

.debug_line     0x00000000     0x3bce
 .debug_line    0x00000000      0x386 ./utilities/fsl_debug_console.o
 .debug_line    0x00000386       0xcb ./utilities/fsl_misc_utilities.o
 .debug_line    0x00000451      0x4d6 ./utilities/print_scan.o
 .debug_line    0x00000927      0x113 ./startup/startup.o
 .debug_line    0x00000a3a       0x7e ./startup/startup_MKL25Z4.o
 .debug_line    0x00000ab8      0x156 ./startup/system_MKL25Z4.o
 .debug_line    0x00000c0e      0x12d ./src/adc.o
 .debug_line    0x00000d3b      0x184 ./src/dma.o
 .debug_line    0x00000ebf      0x119 ./src/main.o
 .debug_line    0x00000fd8      0x378 ./board/board.o
 .debug_line    0x00001350      0x117 ./board/hardware_init.o
 .debug_line    0x00001467      0x264 ./board/pin_mux.o
 .debug_line    0x000016cb      0x386 H:/KDS studio/examples/frdmkl25z/demo_apps/hello_world_1/kds/../../../../../lib/ksdk_platform_lib/kds/KL25Z4/debug/libksdk_platform.a(fsl_uart_hal.o)
 .debug_line    0x00001a51      0x3d0 H:/KDS studio/examples/frdmkl25z/demo_apps/hello_world_1/kds/../../../../../lib/ksdk_platform_lib/kds/KL25Z4/debug/libksdk_platform.a(fsl_lpsci_hal.o)
 .debug_line    0x00001e21      0x893 H:/KDS studio/examples/frdmkl25z/demo_apps/hello_world_1/kds/../../../../../lib/ksdk_platform_lib/kds/KL25Z4/debug/libksdk_platform.a(fsl_clock_MKL25Z4.o)
 .debug_line    0x000026b4      0x76d H:/KDS studio/examples/frdmkl25z/demo_apps/hello_world_1/kds/../../../../../lib/ksdk_platform_lib/kds/KL25Z4/debug/libksdk_platform.a(fsl_clock_manager.o)
 .debug_line    0x00002e21      0x14b H:/KDS studio/examples/frdmkl25z/demo_apps/hello_world_1/kds/../../../../../lib/ksdk_platform_lib/kds/KL25Z4/debug/libksdk_platform.a(fsl_clock_manager_common.o)
 .debug_line    0x00002f6c      0x362 H:/KDS studio/examples/frdmkl25z/demo_apps/hello_world_1/kds/../../../../../lib/ksdk_platform_lib/kds/KL25Z4/debug/libksdk_platform.a(fsl_sim_hal_MKL25Z4.o)
 .debug_line    0x000032ce       0xfb H:/KDS studio/examples/frdmkl25z/demo_apps/hello_world_1/kds/../../../../../lib/ksdk_platform_lib/kds/KL25Z4/debug/libksdk_platform.a(fsl_osc_hal.o)
 .debug_line    0x000033c9      0x455 H:/KDS studio/examples/frdmkl25z/demo_apps/hello_world_1/kds/../../../../../lib/ksdk_platform_lib/kds/KL25Z4/debug/libksdk_platform.a(fsl_mcg_hal.o)
 .debug_line    0x0000381e      0x3b0 H:/KDS studio/examples/frdmkl25z/demo_apps/hello_world_1/kds/../../../../../lib/ksdk_platform_lib/kds/KL25Z4/debug/libksdk_platform.a(fsl_mcg_hal_modes.o)

.debug_str      0x00000000     0x4d2e
 .debug_str     0x00000000      0xb7d ./utilities/fsl_debug_console.o
                                0xbd0 (size before relaxing)
 .debug_str     0x00000b7d       0x93 ./utilities/fsl_misc_utilities.o
                                0x267 (size before relaxing)
 .debug_str     0x00000c10      0x1bd ./utilities/print_scan.o
                                0x3e6 (size before relaxing)
 .debug_str     0x00000dcd      0x120 ./startup/startup.o
                                0x2ae (size before relaxing)
 .debug_str     0x00000eed      0x179 ./startup/system_MKL25Z4.o
                                0x307 (size before relaxing)
 .debug_str     0x00001066       0x87 ./src/adc.o
                                0x347 (size before relaxing)
 .debug_str     0x000010ed      0x2a2 ./src/dma.o
                                0x5cc (size before relaxing)
 .debug_str     0x0000138f       0x7a ./src/main.o
                                0x27f (size before relaxing)
 .debug_str     0x00001409      0x791 ./board/board.o